Archive member included to satisfy reference by file (symbol)

c:/siliconlabs/simplicitystudio/v5/developer/toolchains/gnu_arm/12.2.rel1_2023.7/bin/../lib/gcc/arm-none-eabi/12.2.1/thumb/v8-m.main+fp/hard\libgcc.a(_aeabi_uldivmod.o)
                              ./gecko_sdk_4.4.3/platform/emlib/src/em_usart.o (__aeabi_uldivmod)
c:/siliconlabs/simplicitystudio/v5/developer/toolchains/gnu_arm/12.2.rel1_2023.7/bin/../lib/gcc/arm-none-eabi/12.2.1/thumb/v8-m.main+fp/hard\libgcc.a(_udivmoddi4.o)
                              c:/siliconlabs/simplicitystudio/v5/developer/toolchains/gnu_arm/12.2.rel1_2023.7/bin/../lib/gcc/arm-none-eabi/12.2.1/thumb/v8-m.main+fp/hard\libgcc.a(_aeabi_uldivmod.o) (__udivmoddi4)
c:/siliconlabs/simplicitystudio/v5/developer/toolchains/gnu_arm/12.2.rel1_2023.7/bin/../lib/gcc/arm-none-eabi/12.2.1/thumb/v8-m.main+fp/hard\libgcc.a(_dvmd_tls.o)
                              c:/siliconlabs/simplicitystudio/v5/developer/toolchains/gnu_arm/12.2.rel1_2023.7/bin/../lib/gcc/arm-none-eabi/12.2.1/thumb/v8-m.main+fp/hard\libgcc.a(_aeabi_uldivmod.o) (__aeabi_ldiv0)
c:/siliconlabs/simplicitystudio/v5/developer/toolchains/gnu_arm/12.2.rel1_2023.7/bin/../lib/gcc/arm-none-eabi/12.2.1/thumb/v8-m.main+fp/hard\libc_nano.a(libc_a-exit.o)
                              c:/siliconlabs/simplicitystudio/v5/developer/toolchains/gnu_arm/12.2.rel1_2023.7/bin/../lib/gcc/arm-none-eabi/12.2.1/thumb/v8-m.main+fp/hard/crt0.o (exit)
c:/siliconlabs/simplicitystudio/v5/developer/toolchains/gnu_arm/12.2.rel1_2023.7/bin/../lib/gcc/arm-none-eabi/12.2.1/thumb/v8-m.main+fp/hard\libc_nano.a(libc_a-findfp.o)
                              c:/siliconlabs/simplicitystudio/v5/developer/toolchains/gnu_arm/12.2.rel1_2023.7/bin/../lib/gcc/arm-none-eabi/12.2.1/thumb/v8-m.main+fp/hard\libc_nano.a(libc_a-exit.o) (__stdio_exit_handler)
c:/siliconlabs/simplicitystudio/v5/developer/toolchains/gnu_arm/12.2.rel1_2023.7/bin/../lib/gcc/arm-none-eabi/12.2.1/thumb/v8-m.main+fp/hard\libc_nano.a(libc_a-fwalk.o)
                              c:/siliconlabs/simplicitystudio/v5/developer/toolchains/gnu_arm/12.2.rel1_2023.7/bin/../lib/gcc/arm-none-eabi/12.2.1/thumb/v8-m.main+fp/hard\libc_nano.a(libc_a-findfp.o) (_fwalk_sglue)
c:/siliconlabs/simplicitystudio/v5/developer/toolchains/gnu_arm/12.2.rel1_2023.7/bin/../lib/gcc/arm-none-eabi/12.2.1/thumb/v8-m.main+fp/hard\libc_nano.a(libc_a-stdio.o)
                              c:/siliconlabs/simplicitystudio/v5/developer/toolchains/gnu_arm/12.2.rel1_2023.7/bin/../lib/gcc/arm-none-eabi/12.2.1/thumb/v8-m.main+fp/hard\libc_nano.a(libc_a-findfp.o) (__sread)
c:/siliconlabs/simplicitystudio/v5/developer/toolchains/gnu_arm/12.2.rel1_2023.7/bin/../lib/gcc/arm-none-eabi/12.2.1/thumb/v8-m.main+fp/hard\libc_nano.a(libc_a-memset.o)
                              c:/siliconlabs/simplicitystudio/v5/developer/toolchains/gnu_arm/12.2.rel1_2023.7/bin/../lib/gcc/arm-none-eabi/12.2.1/thumb/v8-m.main+fp/hard/crt0.o (memset)
c:/siliconlabs/simplicitystudio/v5/developer/toolchains/gnu_arm/12.2.rel1_2023.7/bin/../lib/gcc/arm-none-eabi/12.2.1/thumb/v8-m.main+fp/hard\libc_nano.a(libc_a-closer.o)
                              c:/siliconlabs/simplicitystudio/v5/developer/toolchains/gnu_arm/12.2.rel1_2023.7/bin/../lib/gcc/arm-none-eabi/12.2.1/thumb/v8-m.main+fp/hard\libc_nano.a(libc_a-stdio.o) (_close_r)
c:/siliconlabs/simplicitystudio/v5/developer/toolchains/gnu_arm/12.2.rel1_2023.7/bin/../lib/gcc/arm-none-eabi/12.2.1/thumb/v8-m.main+fp/hard\libc_nano.a(libc_a-reent.o)
                              c:/siliconlabs/simplicitystudio/v5/developer/toolchains/gnu_arm/12.2.rel1_2023.7/bin/../lib/gcc/arm-none-eabi/12.2.1/thumb/v8-m.main+fp/hard\libc_nano.a(libc_a-closer.o) (errno)
c:/siliconlabs/simplicitystudio/v5/developer/toolchains/gnu_arm/12.2.rel1_2023.7/bin/../lib/gcc/arm-none-eabi/12.2.1/thumb/v8-m.main+fp/hard\libc_nano.a(libc_a-impure.o)
                              c:/siliconlabs/simplicitystudio/v5/developer/toolchains/gnu_arm/12.2.rel1_2023.7/bin/../lib/gcc/arm-none-eabi/12.2.1/thumb/v8-m.main+fp/hard\libc_nano.a(libc_a-reent.o) (_impure_ptr)
c:/siliconlabs/simplicitystudio/v5/developer/toolchains/gnu_arm/12.2.rel1_2023.7/bin/../lib/gcc/arm-none-eabi/12.2.1/thumb/v8-m.main+fp/hard\libc_nano.a(libc_a-lseekr.o)
                              c:/siliconlabs/simplicitystudio/v5/developer/toolchains/gnu_arm/12.2.rel1_2023.7/bin/../lib/gcc/arm-none-eabi/12.2.1/thumb/v8-m.main+fp/hard\libc_nano.a(libc_a-stdio.o) (_lseek_r)
c:/siliconlabs/simplicitystudio/v5/developer/toolchains/gnu_arm/12.2.rel1_2023.7/bin/../lib/gcc/arm-none-eabi/12.2.1/thumb/v8-m.main+fp/hard\libc_nano.a(libc_a-readr.o)
                              c:/siliconlabs/simplicitystudio/v5/developer/toolchains/gnu_arm/12.2.rel1_2023.7/bin/../lib/gcc/arm-none-eabi/12.2.1/thumb/v8-m.main+fp/hard\libc_nano.a(libc_a-stdio.o) (_read_r)
[...]
Memory Configuration

Name             Origin             Length             Attributes
FLASH            0x08000000         0x0017e000         xr
RAM              0x20000000         0x00040000         xrw
*default*        0x00000000         0xffffffff

Linker script and memory map

LOAD c:/siliconlabs/simplicitystudio/v5/developer/toolchains/gnu_arm/12.2.rel1_2023.7/bin/../lib/gcc/arm-none-eabi/12.2.1/thumb/v8-m.main+fp/hard/crti.o
LOAD c:/siliconlabs/simplicitystudio/v5/developer/toolchains/gnu_arm/12.2.rel1_2023.7/bin/../lib/gcc/arm-none-eabi/12.2.1/thumb/v8-m.main+fp/hard/crtbegin.o
LOAD c:/siliconlabs/simplicitystudio/v5/developer/toolchains/gnu_arm/12.2.rel1_2023.7/bin/../lib/gcc/arm-none-eabi/12.2.1/thumb/v8-m.main+fp/hard/crt0.o
START GROUP
LOAD ./app.o
LOAD ./iadc.o
LOAD ./main.o
LOAD ./sensor_data.o
LOAD ./autogen/sl_board_default_init.o
LOAD ./autogen/sl_device_init_clocks.o
LOAD ./autogen/sl_event_handler.o
LOAD ./autogen/sl_i2cspm_init.o
LOAD ./gecko_sdk_4.4.3/app/bluetooth/common/sensor_rht/sl_sensor_rht.o
LOAD ./gecko_sdk_4.4.3/app/bluetooth/common/sensor_select/sl_sensor_select.o
LOAD ./gecko_sdk_4.4.3/hardware/board/src/sl_board_control_gpio.o
LOAD ./gecko_sdk_4.4.3/hardware/board/src/sl_board_init.o
LOAD ./gecko_sdk_4.4.3/hardware/driver/mx25_flash_shutdown/src/sl_mx25_flash_shutdown_usart/sl_mx25_flash_shutdown.o
LOAD ./gecko_sdk_4.4.3/hardware/driver/si70xx/src/sl_si70xx.o
LOAD ./gecko_sdk_4.4.3/platform/Device/SiliconLabs/EFR32MG24/Source/startup_efr32mg24.o
LOAD ./gecko_sdk_4.4.3/platform/Device/SiliconLabs/EFR32MG24/Source/system_efr32mg24.o
LOAD ./gecko_sdk_4.4.3/platform/common/src/sl_assert.o
LOAD ./gecko_sdk_4.4.3/platform/common/src/sl_syscalls.o
LOAD ./gecko_sdk_4.4.3/platform/common/toolchain/src/sl_memory.o
LOAD ./gecko_sdk_4.4.3/platform/driver/i2cspm/src/sl_i2cspm.o
LOAD ./gecko_sdk_4.4.3/platform/emlib/src/em_burtc.o
LOAD ./gecko_sdk_4.4.3/platform/emlib/src/em_cmu.o
LOAD ./gecko_sdk_4.4.3/platform/emlib/src/em_core.o
LOAD ./gecko_sdk_4.4.3/platform/emlib/src/em_emu.o
LOAD ./gecko_sdk_4.4.3/platform/emlib/src/em_gpio.o
LOAD ./gecko_sdk_4.4.3/platform/emlib/src/em_i2c.o
LOAD ./gecko_sdk_4.4.3/platform/emlib/src/em_iadc.o
LOAD ./gecko_sdk_4.4.3/platform/emlib/src/em_msc.o
LOAD ./gecko_sdk_4.4.3/platform/emlib/src/em_prs.o
LOAD ./gecko_sdk_4.4.3/platform/emlib/src/em_system.o
LOAD ./gecko_sdk_4.4.3/platform/emlib/src/em_timer.o
LOAD ./gecko_sdk_4.4.3/platform/emlib/src/em_usart.o
LOAD ./gecko_sdk_4.4.3/platform/peripheral/src/peripheral_sysrtc.o
LOAD ./gecko_sdk_4.4.3/platform/service/device_init/src/sl_device_init_dcdc_s2.o
LOAD ./gecko_sdk_4.4.3/platform/service/device_init/src/sl_device_init_emu_s2.o
LOAD ./gecko_sdk_4.4.3/platform/service/device_init/src/sl_device_init_hfxo_s2.o
LOAD ./gecko_sdk_4.4.3/platform/service/device_init/src/sl_device_init_lfxo_s2.o
LOAD ./gecko_sdk_4.4.3/platform/service/device_init/src/sl_device_init_nvic.o
LOAD ./gecko_sdk_4.4.3/platform/service/sleeptimer/src/sl_sleeptimer.o
LOAD ./gecko_sdk_4.4.3/platform/service/sleeptimer/src/sl_sleeptimer_hal_burtc.o
LOAD ./gecko_sdk_4.4.3/platform/service/sleeptimer/src/sl_sleeptimer_hal_sysrtc.o
LOAD ./gecko_sdk_4.4.3/platform/service/sleeptimer/src/sl_sleeptimer_hal_timer.o
LOAD ./gecko_sdk_4.4.3/platform/service/system/src/sl_system_init.o
LOAD ./gecko_sdk_4.4.3/platform/service/system/src/sl_system_process_action.o
LOAD ./gecko_sdk_4.4.3/platform/service/udelay/src/sl_udelay.o
LOAD ./gecko_sdk_4.4.3/platform/service/udelay/src/sl_udelay_armv6m_gcc.o
LOAD c:/siliconlabs/simplicitystudio/v5/developer/toolchains/gnu_arm/12.2.rel1_2023.7/bin/../lib/gcc/arm-none-eabi/12.2.1/thumb/v8-m.main+fp/hard\libgcc.a
LOAD c:/siliconlabs/simplicitystudio/v5/developer/toolchains/gnu_arm/12.2.rel1_2023.7/bin/../lib/gcc/arm-none-eabi/12.2.1/thumb/v8-m.main+fp/hard\libc_nano.a
LOAD c:/siliconlabs/simplicitystudio/v5/developer/toolchains/gnu_arm/12.2.rel1_2023.7/bin/../lib/gcc/arm-none-eabi/12.2.1/thumb/v8-m.main+fp/hard\libm.a
LOAD c:/siliconlabs/simplicitystudio/v5/developer/toolchains/gnu_arm/12.2.rel1_2023.7/bin/../lib/gcc/arm-none-eabi/12.2.1/thumb/v8-m.main+fp/hard\libnosys.a
END GROUP
START GROUP
LOAD c:/siliconlabs/simplicitystudio/v5/developer/toolchains/gnu_arm/12.2.rel1_2023.7/bin/../lib/gcc/arm-none-eabi/12.2.1/thumb/v8-m.main+fp/hard\libgcc.a
LOAD c:/siliconlabs/simplicitystudio/v5/developer/toolchains/gnu_arm/12.2.rel1_2023.7/bin/../lib/gcc/arm-none-eabi/12.2.1/thumb/v8-m.main+fp/hard\libc_nano.a
LOAD c:/siliconlabs/simplicitystudio/v5/developer/toolchains/gnu_arm/12.2.rel1_2023.7/bin/../lib/gcc/arm-none-eabi/12.2.1/thumb/v8-m.main+fp/hard\libnosys.a
END GROUP
START GROUP
LOAD c:/siliconlabs/simplicitystudio/v5/developer/toolchains/gnu_arm/12.2.rel1_2023.7/bin/../lib/gcc/arm-none-eabi/12.2.1/thumb/v8-m.main+fp/hard\libgcc.a
LOAD c:/siliconlabs/simplicitystudio/v5/developer/toolchains/gnu_arm/12.2.rel1_2023.7/bin/../lib/gcc/arm-none-eabi/12.2.1/thumb/v8-m.main+fp/hard\libg_nano.a
LOAD c:/siliconlabs/simplicitystudio/v5/developer/toolchains/gnu_arm/12.2.rel1_2023.7/bin/../lib/gcc/arm-none-eabi/12.2.1/thumb/v8-m.main+fp/hard\libc_nano.a
END GROUP
START GROUP
LOAD c:/siliconlabs/simplicitystudio/v5/developer/toolchains/gnu_arm/12.2.rel1_2023.7/bin/../lib/gcc/arm-none-eabi/12.2.1/thumb/v8-m.main+fp/hard\libgcc.a
LOAD c:/siliconlabs/simplicitystudio/v5/developer/toolchains/gnu_arm/12.2.rel1_2023.7/bin/../lib/gcc/arm-none-eabi/12.2.1/thumb/v8-m.main+fp/hard\libc_nano.a
END GROUP
LOAD c:/siliconlabs/simplicitystudio/v5/developer/toolchains/gnu_arm/12.2.rel1_2023.7/bin/../lib/gcc/arm-none-eabi/12.2.1/thumb/v8-m.main+fp/hard/crtend.o
LOAD c:/siliconlabs/simplicitystudio/v5/developer/toolchains/gnu_arm/12.2.rel1_2023.7/bin/../lib/gcc/arm-none-eabi/12.2.1/thumb/v8-m.main+fp/hard/crtn.o

.text           0x08000000     0x7c54
                0x08000000                linker_vectors_begin = .
 *(.vectors)
 .vectors       0x08000000      0x170 ./gecko_sdk_4.4.3/platform/Device/SiliconLabs/EFR32MG24/Source/startup_efr32mg24.o
                0x08000000                __Vectors
                0x08000170                linker_vectors_end = .
                0x08000170                __Vectors_End = .
                0x08000170                __Vectors_Size = (__Vectors_End - __Vectors)
                0x08000170                linker_code_begin = .
 *(SORT_BY_ALIGNMENT(.text*))
 .text          0x08000170        0x8 ./gecko_sdk_4.4.3/platform/service/udelay/src/sl_udelay_armv6m_gcc.o
                0x08000170                sli_delay_loop
 .text.deregister_tm_clones
                0x08000178       0x1c c:/siliconlabs/simplicitystudio/v5/developer/toolchains/gnu_arm/12.2.rel1_2023.7/bin/../lib/gcc/arm-none-eabi/12.2.1/thumb/v8-m.main+fp/hard/crtbegin.o
 .text.register_tm_clones
                0x08000194       0x28 c:/siliconlabs/simplicitystudio/v5/developer/toolchains/gnu_arm/12.2.rel1_2023.7/bin/../lib/gcc/arm-none-eabi/12.2.1/thumb/v8-m.main+fp/hard/crtbegin.o
 .text.__do_global_dtors_aux
                0x080001bc       0x28 c:/siliconlabs/simplicitystudio/v5/developer/toolchains/gnu_arm/12.2.rel1_2023.7/bin/../lib/gcc/arm-none-eabi/12.2.1/thumb/v8-m.main+fp/hard/crtbegin.o
 .text.frame_dummy
                0x080001e4       0x24 c:/siliconlabs/simplicitystudio/v5/developer/toolchains/gnu_arm/12.2.rel1_2023.7/bin/../lib/gcc/arm-none-eabi/12.2.1/thumb/v8-m.main+fp/hard/crtbegin.o
 .text          0x08000208       0x7c c:/siliconlabs/simplicitystudio/v5/developer/toolchains/gnu_arm/12.2.rel1_2023.7/bin/../lib/gcc/arm-none-eabi/12.2.1/thumb/v8-m.main+fp/hard/crt0.o
                0x08000208                _stack_init
                0x08000210                _start
                0x08000210                _mainCRTStartup
 .text.app_init
                0x08000284       0x1c ./app.o
                0x08000284                app_init
 .text.app_process_action
                0x080002a0       0x10 ./app.o
                0x080002a0                app_process_action
 .text.__NVIC_EnableIRQ
                0x080002b0       0x34 ./iadc.o
 .text.__NVIC_ClearPendingIRQ
                0x080002e4       0x38 ./iadc.o
 .text.analog_input_initialize
                0x0800031c      0x248 ./iadc.o
                0x0800031c                analog_input_initialize
 .text.IADC_IRQHandler
                0x08000564       0x74 ./iadc.o
                0x08000564                IADC_IRQHandler
 .text.get_value_ADC
                0x080005d8       0x88 ./iadc.o
                0x080005d8                get_value_ADC
 .text.GPIO_PinInGet
                0x08000660       0x84 ./sensor_data.o
 .text.init_read_sensor
                0x080006e4       0x7c ./sensor_data.o
                0x080006e4                init_read_sensor
 .text.get_value_sensor
                0x08000760       0x9c ./sensor_data.o
                0x08000760                get_value_sensor
 .text.sl_device_init_clocks
                0x080007fc       0xd4 ./autogen/sl_device_init_clocks.o
                0x080007fc                sl_device_init_clocks
 .text.sl_i2cspm_init_instances
                0x080008d0       0x18 ./autogen/sl_i2cspm_init.o
                0x080008d0                sl_i2cspm_init_instances
 .text.sl_sensor_rht_init
                0x080008e8       0x48 ./gecko_sdk_4.4.3/app/bluetooth/common/sensor_rht/sl_sensor_rht.o
                0x080008e8                sl_sensor_rht_init
 .text.sl_sensor_rht_get
                0x08000930       0x3c ./gecko_sdk_4.4.3/app/bluetooth/common/sensor_rht/sl_sensor_rht.o
                0x08000930                sl_sensor_rht_get
 .text.sl_sensor_select
                0x0800096c       0x6c ./gecko_sdk_4.4.3/app/bluetooth/common/sensor_select/sl_sensor_select.o
                0x0800096c                sl_sensor_select
 .text.sl_board_enable_sensor
                0x080009d8      0x140 ./gecko_sdk_4.4.3/hardware/board/src/sl_board_control_gpio.o
                0x080009d8                sl_board_enable_sensor
 .text.GPIO_PinOutClear
                0x08000b18       0x84 ./gecko_sdk_4.4.3/hardware/driver/mx25_flash_shutdown/src/sl_mx25_flash_shutdown_usart/sl_mx25_flash_shutdown.o
 .text.GPIO_PinOutSet
                0x08000b9c       0x84 ./gecko_sdk_4.4.3/hardware/driver/mx25_flash_shutdown/src/sl_mx25_flash_shutdown_usart/sl_mx25_flash_shutdown.o
 .text.sl_mx25_flash_shutdown
                0x08000c20      0x134 ./gecko_sdk_4.4.3/hardware/driver/mx25_flash_shutdown/src/sl_mx25_flash_shutdown_usart/sl_mx25_flash_shutdown.o
                0x08000c20                sl_mx25_flash_shutdown
 .text.CopyRamFuncs
                0x08000d54       0x2c ./gecko_sdk_4.4.3/platform/Device/SiliconLabs/EFR32MG24/Source/startup_efr32mg24.o
                0x08000d54                CopyRamFuncs
 .text.Reset_Handler
                0x08000d80       0x9c ./gecko_sdk_4.4.3/platform/Device/SiliconLabs/EFR32MG24/Source/startup_efr32mg24.o
                0x08000d80                Reset_Handler
 .text.__NVIC_EnableIRQ
                0x08000e1c       0x34 ./gecko_sdk_4.4.3/platform/Device/SiliconLabs/EFR32MG24/Source/system_efr32mg24.o
 .text.__NVIC_ClearPendingIRQ
                0x08000e50       0x38 ./gecko_sdk_4.4.3/platform/Device/SiliconLabs/EFR32MG24/Source/system_efr32mg24.o
 .text.SystemInit
                0x08000e88       0x90 ./gecko_sdk_4.4.3/platform/Device/SiliconLabs/EFR32MG24/Source/system_efr32mg24.o
                0x08000e88                SystemInit
 .text.SystemHFRCODPLLClockGet
                0x08000f18        0xc ./gecko_sdk_4.4.3/platform/Device/SiliconLabs/EFR32MG24/Source/system_efr32mg24.o
                0x08000f18                SystemHFRCODPLLClockGet
 .text.SystemSYSCLKGet
                0x08000f24       0x50 ./gecko_sdk_4.4.3/platform/Device/SiliconLabs/EFR32MG24/Source/system_efr32mg24.o
                0x08000f24                SystemSYSCLKGet
 .text.SystemHCLKGet
                0x08000f74       0x3c ./gecko_sdk_4.4.3/platform/Device/SiliconLabs/EFR32MG24/Source/system_efr32mg24.o
                0x08000f74                SystemHCLKGet
 .text.SystemMaxCoreClockGet
                0x08000fb0        0xc ./gecko_sdk_4.4.3/platform/Device/SiliconLabs/EFR32MG24/Source/system_efr32mg24.o
                0x08000fb0                SystemMaxCoreClockGet
 .text.SystemHFXOClockGet
                0x08000fbc        0xc ./gecko_sdk_4.4.3/platform/Device/SiliconLabs/EFR32MG24/Source/system_efr32mg24.o
                0x08000fbc                SystemHFXOClockGet
 .text.SystemHFXOClockSet
                0x08000fc8       0x2c ./gecko_sdk_4.4.3/platform/Device/SiliconLabs/EFR32MG24/Source/system_efr32mg24.o
                0x08000fc8                SystemHFXOClockSet
 .text.SystemFSRCOClockGet
                0x08000ff4        0xc ./gecko_sdk_4.4.3/platform/Device/SiliconLabs/EFR32MG24/Source/system_efr32mg24.o
                0x08000ff4                SystemFSRCOClockGet
 .text.SystemHFRCOEM23ClockGet
                0x08001000       0xe0 ./gecko_sdk_4.4.3/platform/Device/SiliconLabs/EFR32MG24/Source/system_efr32mg24.o
                0x08001000                SystemHFRCOEM23ClockGet
 .text.SystemLFXOClockGet
                0x080010e0        0xc ./gecko_sdk_4.4.3/platform/Device/SiliconLabs/EFR32MG24/Source/system_efr32mg24.o
                0x080010e0                SystemLFXOClockGet
 .text.GPIO_PinOutClear
                0x080010ec       0x84 ./gecko_sdk_4.4.3/platform/driver/i2cspm/src/sl_i2cspm.o
 .text.GPIO_PinOutSet
                0x08001170       0x84 ./gecko_sdk_4.4.3/platform/driver/i2cspm/src/sl_i2cspm.o
 .text.I2CSPM_Init
                0x080011f4      0x154 ./gecko_sdk_4.4.3/platform/driver/i2cspm/src/sl_i2cspm.o
                0x080011f4                I2CSPM_Init
 .text.I2CSPM_Transfer
                0x08001348       0x4c ./gecko_sdk_4.4.3/platform/driver/i2cspm/src/sl_i2cspm.o
                0x08001348                I2CSPM_Transfer
 .text.BUS_RegBitWrite
                0x08001394       0x48 ./gecko_sdk_4.4.3/platform/emlib/src/em_cmu.o
 .text.EMU_VScaleWait
                0x080013dc       0x1c ./gecko_sdk_4.4.3/platform/emlib/src/em_cmu.o
 .text.EMU_VScaleGet
                0x080013f8       0x1c ./gecko_sdk_4.4.3/platform/emlib/src/em_cmu.o
 .text.SYSCFG_setSysTicExtClkEnCfgSysTic
                0x08001414       0x14 ./gecko_sdk_4.4.3/platform/emlib/src/em_cmu.o
 .text.SYSCFG_clearSysTicExtClkEnCfgSysTic
                0x08001428       0x14 ./gecko_sdk_4.4.3/platform/emlib/src/em_cmu.o
 .text.MSC_LockGetLocked
                0x0800143c       0x1c ./gecko_sdk_4.4.3/platform/emlib/src/em_cmu.o
 .text.MSC_LockSetLocked
                0x08001458       0x10 ./gecko_sdk_4.4.3/platform/emlib/src/em_cmu.o
 .text.MSC_LockSetUnlocked
                0x08001468       0x10 ./gecko_sdk_4.4.3/platform/emlib/src/em_cmu.o
 .text.MSC_ReadCTRLGet
                0x08001478        0xc ./gecko_sdk_4.4.3/platform/emlib/src/em_cmu.o
 .text.MSC_ReadCTRLSet
                0x08001484       0x14 ./gecko_sdk_4.4.3/platform/emlib/src/em_cmu.o
 .text.CMU_ClockDivGet
                0x08001498       0xec ./gecko_sdk_4.4.3/platform/emlib/src/em_cmu.o
                0x08001498                CMU_ClockDivGet
 .text.CMU_ClockDivSet
                0x08001584      0x1b0 ./gecko_sdk_4.4.3/platform/emlib/src/em_cmu.o
                0x08001584                CMU_ClockDivSet
 .text.CMU_ClockEnable
                0x08001734       0x74 ./gecko_sdk_4.4.3/platform/emlib/src/em_cmu.o
                0x08001734                CMU_ClockEnable
 .text.CMU_ClockFreqGet
                0x080017a8      0x6a8 ./gecko_sdk_4.4.3/platform/emlib/src/em_cmu.o
                0x080017a8                CMU_ClockFreqGet
 .text.CMU_ClockSelectGet
                0x08001e50      0x3e4 ./gecko_sdk_4.4.3/platform/emlib/src/em_cmu.o
                0x08001e50                CMU_ClockSelectGet
 .text.sli_em_cmu_HFXOSetForceEnable
                0x08002234       0x28 ./gecko_sdk_4.4.3/platform/emlib/src/em_cmu.o
                0x08002234                sli_em_cmu_HFXOSetForceEnable
 .text.CMU_ClockSelectSet
                0x0800225c      0xb7c ./gecko_sdk_4.4.3/platform/emlib/src/em_cmu.o
                0x0800225c                CMU_ClockSelectSet
 .text.CMU_HFXOInit
                0x08002dd8      0x310 ./gecko_sdk_4.4.3/platform/emlib/src/em_cmu.o
                0x08002dd8                CMU_HFXOInit
 .text.CMU_HFXOCTuneDeltaGet
                0x080030e8       0x10 ./gecko_sdk_4.4.3/platform/emlib/src/em_cmu.o
                0x080030e8                CMU_HFXOCTuneDeltaGet
 .text.CMU_LFXOInit
                0x080030f8      0x120 ./gecko_sdk_4.4.3/platform/emlib/src/em_cmu.o
                0x080030f8                CMU_LFXOInit
 .text.CMU_LFXOPrecisionSet
                0x08003218       0x1c ./gecko_sdk_4.4.3/platform/emlib/src/em_cmu.o
                0x08003218                CMU_LFXOPrecisionSet
 .text.CMU_HFXOPrecisionSet
                0x08003234       0x1c ./gecko_sdk_4.4.3/platform/emlib/src/em_cmu.o
                0x08003234                CMU_HFXOPrecisionSet
 .text.eusart0ClkGet
                0x08003250       0xac ./gecko_sdk_4.4.3/platform/emlib/src/em_cmu.o
 .text.em01GrpcClkGet
                0x080032fc       0xbc ./gecko_sdk_4.4.3/platform/emlib/src/em_cmu.o
 .text.vdac0ClkGet
                0x080033b8       0xa8 ./gecko_sdk_4.4.3/platform/emlib/src/em_cmu.o
 .text.vdac1ClkGet
                0x08003460       0xa8 ./gecko_sdk_4.4.3/platform/emlib/src/em_cmu.o
 .text.pcnt0ClkGet
                0x08003508       0x74 ./gecko_sdk_4.4.3/platform/emlib/src/em_cmu.o
 .text.rhclkPrescMax
                0x0800357c       0x18 ./gecko_sdk_4.4.3/platform/emlib/src/em_cmu.o
 .text.rhclkPrescOptimize
                0x08003594       0x2c ./gecko_sdk_4.4.3/platform/emlib/src/em_cmu.o
 .text.traceClkGet
                0x080035c0       0x84 ./gecko_sdk_4.4.3/platform/emlib/src/em_cmu.o
 .text.dpllRefClkGet
                0x08003644       0x94 ./gecko_sdk_4.4.3/platform/emlib/src/em_cmu.o
 .text.em01GrpaClkGet
                0x080036d8       0xc4 ./gecko_sdk_4.4.3/platform/emlib/src/em_cmu.o
 .text.em23GrpaClkGet
                0x0800379c       0x94 ./gecko_sdk_4.4.3/platform/emlib/src/em_cmu.o
 .text.em4GrpaClkGet
                0x08003830       0x94 ./gecko_sdk_4.4.3/platform/emlib/src/em_cmu.o
 .text.getWaitStatesByFrequencyAndVScale
                0x080038c4       0x54 ./gecko_sdk_4.4.3/platform/emlib/src/em_cmu.o
 .text.flashWaitStateControl
                0x08003918       0x70 ./gecko_sdk_4.4.3/platform/emlib/src/em_cmu.o
 .text.iadcClkGet
                0x08003988       0x8c ./gecko_sdk_4.4.3/platform/emlib/src/em_cmu.o
 .text.pclkDivOptimize
                0x08003a14       0x34 ./gecko_sdk_4.4.3/platform/emlib/src/em_cmu.o
 .text.sysrtcClkGet
                0x08003a48       0x94 ./gecko_sdk_4.4.3/platform/emlib/src/em_cmu.o
 .text.wdog0ClkGet
                0x08003adc       0xa8 ./gecko_sdk_4.4.3/platform/emlib/src/em_cmu.o
 .text.wdog1ClkGet
                0x08003b84       0xa8 ./gecko_sdk_4.4.3/platform/emlib/src/em_cmu.o
 .text.sysTickClkGet
                0x08003c2c       0x58 ./gecko_sdk_4.4.3/platform/emlib/src/em_cmu.o
 .text.EMU_DCDCLock
                0x08003c84       0x14 ./gecko_sdk_4.4.3/platform/emlib/src/em_emu.o
 .text.EMU_DCDCUnlock
                0x08003c98       0x10 ./gecko_sdk_4.4.3/platform/emlib/src/em_emu.o
 .text.EMU_DCDCSync
                0x08003ca8       0x20 ./gecko_sdk_4.4.3/platform/emlib/src/em_emu.o
 .text.EMU_VScaleWait
                0x08003cc8       0x1c ./gecko_sdk_4.4.3/platform/emlib/src/em_emu.o
 .text.EMU_VScaleGet
                0x08003ce4       0x1c ./gecko_sdk_4.4.3/platform/emlib/src/em_emu.o
 .text.EMU_EM4Init
                0x08003d00       0x24 ./gecko_sdk_4.4.3/platform/emlib/src/em_emu.o
                0x08003d00                EMU_EM4Init
 .text.EMU_VScaleEM01ByClock
                0x08003d24       0x5c ./gecko_sdk_4.4.3/platform/emlib/src/em_emu.o
                0x08003d24                EMU_VScaleEM01ByClock
 .text.EMU_VScaleEM01
                0x08003d80       0xdc ./gecko_sdk_4.4.3/platform/emlib/src/em_emu.o
                0x08003d80                EMU_VScaleEM01
 .text.EMU_DCDCModeSet
                0x08003e5c      0x120 ./gecko_sdk_4.4.3/platform/emlib/src/em_emu.o
                0x08003e5c                EMU_DCDCModeSet
 .text.EMU_DCDCInit
                0x08003f7c       0xa8 ./gecko_sdk_4.4.3/platform/emlib/src/em_emu.o
                0x08003f7c                EMU_DCDCInit
 .text.EMU_DCDCSetPFMXModePeakCurrent
                0x08004024       0xb4 ./gecko_sdk_4.4.3/platform/emlib/src/em_emu.o
                0x08004024                EMU_DCDCSetPFMXModePeakCurrent
 .text.GPIO_PinOutClear
                0x080040d8       0x84 ./gecko_sdk_4.4.3/platform/emlib/src/em_gpio.o
 .text.GPIO_PinOutSet
                0x0800415c       0x84 ./gecko_sdk_4.4.3/platform/emlib/src/em_gpio.o
 .text.GPIO_PinModeSet
                0x080041e0      0x120 ./gecko_sdk_4.4.3/platform/emlib/src/em_gpio.o
                0x080041e0                GPIO_PinModeSet
 .text.BUS_RegBitWrite
                0x08004300       0x48 ./gecko_sdk_4.4.3/platform/emlib/src/em_i2c.o
 .text.I2C_BusFreqSet
                0x08004348      0x1a8 ./gecko_sdk_4.4.3/platform/emlib/src/em_i2c.o
                0x08004348                I2C_BusFreqSet
 .text.I2C_Enable
                0x080044f0       0x48 ./gecko_sdk_4.4.3/platform/emlib/src/em_i2c.o
                0x080044f0                I2C_Enable
 .text.I2C_Init
                0x08004538       0x7c ./gecko_sdk_4.4.3/platform/emlib/src/em_i2c.o
                0x08004538                I2C_Init
 .text.I2C_Transfer
                0x080045b4      0x4cc ./gecko_sdk_4.4.3/platform/emlib/src/em_i2c.o
                0x080045b4                I2C_Transfer
 .text.I2C_TransferInit
                0x08004a80       0xf8 ./gecko_sdk_4.4.3/platform/emlib/src/em_i2c.o
                0x08004a80                I2C_TransferInit
 .text.IADC_disable
                0x08004b78       0x38 ./gecko_sdk_4.4.3/platform/emlib/src/em_iadc.o
 .text.IADC_init
                0x08004bb0      0x984 ./gecko_sdk_4.4.3/platform/emlib/src/em_iadc.o
                0x08004bb0                IADC_init
 .text.IADC_initScan
                0x08005534      0x17c ./gecko_sdk_4.4.3/platform/emlib/src/em_iadc.o
                0x08005534                IADC_initScan
 .text.IADC_calcTimebase
                0x080056b0       0xa0 ./gecko_sdk_4.4.3/platform/emlib/src/em_iadc.o
                0x080056b0                IADC_calcTimebase
 .text.IADC_calcSrcClkPrescale
                0x08005750       0x8c ./gecko_sdk_4.4.3/platform/emlib/src/em_iadc.o
                0x08005750                IADC_calcSrcClkPrescale
 .text.IADC_calcAdcClkPrescale
                0x080057dc       0xe0 ./gecko_sdk_4.4.3/platform/emlib/src/em_iadc.o
                0x080057dc                IADC_calcAdcClkPrescale
 .text.IADC_getReferenceVoltage
                0x080058bc       0x7c ./gecko_sdk_4.4.3/platform/emlib/src/em_iadc.o
                0x080058bc                IADC_getReferenceVoltage
 .text.SYSCFG_readChipRev
                0x08005938        0xc ./gecko_sdk_4.4.3/platform/emlib/src/em_system.o
 .text.SYSTEM_ChipRevisionGet
                0x08005944       0x50 ./gecko_sdk_4.4.3/platform/emlib/src/em_system.o
                0x08005944                SYSTEM_ChipRevisionGet
 .text.prsRxInput
                0x08005994       0x38 ./gecko_sdk_4.4.3/platform/emlib/src/em_usart.o
 .text.USART_BaudrateSyncSet
                0x080059cc       0x68 ./gecko_sdk_4.4.3/platform/emlib/src/em_usart.o
                0x080059cc                USART_BaudrateSyncSet
 .text.USART_InitSync
                0x08005a34      0x108 ./gecko_sdk_4.4.3/platform/emlib/src/em_usart.o
                0x08005a34                USART_InitSync
 .text.USART_Reset
                0x08005b3c       0xa0 ./gecko_sdk_4.4.3/platform/emlib/src/em_usart.o
                0x08005b3c                USART_Reset
 .text.sl_hal_sysrtc_wait_sync
                0x08005bdc       0x20 ./gecko_sdk_4.4.3/platform/peripheral/src/peripheral_sysrtc.o
                0x08005bdc                sl_hal_sysrtc_wait_sync
 .text.sl_hal_sysrtc_wait_ready
                0x08005bfc       0x2c ./gecko_sdk_4.4.3/platform/peripheral/src/peripheral_sysrtc.o
                0x08005bfc                sl_hal_sysrtc_wait_ready
 .text.sl_hal_sysrtc_stop
                0x08005c28       0x14 ./gecko_sdk_4.4.3/platform/peripheral/src/peripheral_sysrtc.o
                0x08005c28                sl_hal_sysrtc_stop
 .text.sl_hal_sysrtc_get_counter
                0x08005c3c       0x14 ./gecko_sdk_4.4.3/platform/peripheral/src/peripheral_sysrtc.o
                0x08005c3c                sl_hal_sysrtc_get_counter
 .text.sl_hal_sysrtc_set_counter
                0x08005c50       0x1c ./gecko_sdk_4.4.3/platform/peripheral/src/peripheral_sysrtc.o
                0x08005c50                sl_hal_sysrtc_set_counter
 .text.sl_hal_sysrtc_init
                0x08005c6c       0x38 ./gecko_sdk_4.4.3/platform/peripheral/src/peripheral_sysrtc.o
                0x08005c6c                sl_hal_sysrtc_init
 .text.sl_hal_sysrtc_enable
                0x08005ca4       0x20 ./gecko_sdk_4.4.3/platform/peripheral/src/peripheral_sysrtc.o
                0x08005ca4                sl_hal_sysrtc_enable
 .text.sl_hal_sysrtc_disable
                0x08005cc4       0x24 ./gecko_sdk_4.4.3/platform/peripheral/src/peripheral_sysrtc.o
                0x08005cc4                sl_hal_sysrtc_disable
 .text.sl_hal_sysrtc_init_group
                0x08005ce8       0xbc ./gecko_sdk_4.4.3/platform/peripheral/src/peripheral_sysrtc.o
                0x08005ce8                sl_hal_sysrtc_init_group
 .text.sl_hal_sysrtc_enable_group_interrupts
                0x08005da4       0x44 ./gecko_sdk_4.4.3/platform/peripheral/src/peripheral_sysrtc.o
                0x08005da4                sl_hal_sysrtc_enable_group_interrupts
 .text.sl_hal_sysrtc_disable_group_interrupts
                0x08005de8       0x44 ./gecko_sdk_4.4.3/platform/peripheral/src/peripheral_sysrtc.o
                0x08005de8                sl_hal_sysrtc_disable_group_interrupts
 .text.sl_hal_sysrtc_clear_group_interrupts
                0x08005e2c       0x44 ./gecko_sdk_4.4.3/platform/peripheral/src/peripheral_sysrtc.o
                0x08005e2c                sl_hal_sysrtc_clear_group_interrupts
 .text.sl_hal_sysrtc_get_group_interrupts
                0x08005e70       0x3c ./gecko_sdk_4.4.3/platform/peripheral/src/peripheral_sysrtc.o
                0x08005e70                sl_hal_sysrtc_get_group_interrupts
 .text.sl_hal_sysrtc_get_group_compare_channel_value
                0x08005eac       0x5c ./gecko_sdk_4.4.3/platform/peripheral/src/peripheral_sysrtc.o
                0x08005eac                sl_hal_sysrtc_get_group_compare_channel_value
 .text.sl_hal_sysrtc_set_group_compare_channel_value
                0x08005f08       0x5c ./gecko_sdk_4.4.3/platform/peripheral/src/peripheral_sysrtc.o
                0x08005f08                sl_hal_sysrtc_set_group_compare_channel_value
 .text.sl_device_init_dcdc
                0x08005f64       0x34 ./gecko_sdk_4.4.3/platform/service/device_init/src/sl_device_init_dcdc_s2.o
                0x08005f64                sl_device_init_dcdc
 .text.sl_device_init_emu
                0x08005f98       0x34 ./gecko_sdk_4.4.3/platform/service/device_init/src/sl_device_init_emu_s2.o
                0x08005f98                sl_device_init_emu
 .text.sl_device_init_hfxo
                0x08005fcc       0xc8 ./gecko_sdk_4.4.3/platform/service/device_init/src/sl_device_init_hfxo_s2.o
                0x08005fcc                sl_device_init_hfxo
 .text.sl_device_init_lfxo
                0x08006094       0x3c ./gecko_sdk_4.4.3/platform/service/device_init/src/sl_device_init_lfxo_s2.o
                0x08006094                sl_device_init_lfxo
 .text.__NVIC_SetPriority
                0x080060d0       0x50 ./gecko_sdk_4.4.3/platform/service/device_init/src/sl_device_init_nvic.o
 .text.sl_sleeptimer_init
                0x08006120       0xa0 ./gecko_sdk_4.4.3/platform/service/sleeptimer/src/sl_sleeptimer.o
                0x08006120                sl_sleeptimer_init
 .text.sl_sleeptimer_is_timer_running
                0x080061c0       0x6c ./gecko_sdk_4.4.3/platform/service/sleeptimer/src/sl_sleeptimer.o
                0x080061c0                sl_sleeptimer_is_timer_running
 .text.sl_sleeptimer_delay_millisecond
                0x0800622c       0x54 ./gecko_sdk_4.4.3/platform/service/sleeptimer/src/sl_sleeptimer.o
                0x0800622c                sl_sleeptimer_delay_millisecond
 .text.sl_sleeptimer_ms_to_tick
                0x08006280       0x60 ./gecko_sdk_4.4.3/platform/service/sleeptimer/src/sl_sleeptimer.o
                0x08006280                sl_sleeptimer_ms_to_tick
 .text.process_timer_irq
                0x080062e0      0x25c ./gecko_sdk_4.4.3/platform/service/sleeptimer/src/sl_sleeptimer.o
                0x080062e0                process_timer_irq
 .text.delta_list_insert_timer
                0x0800653c       0xb0 ./gecko_sdk_4.4.3/platform/service/sleeptimer/src/sl_sleeptimer.o
 .text.delta_list_remove_timer
                0x080065ec       0x74 ./gecko_sdk_4.4.3/platform/service/sleeptimer/src/sl_sleeptimer.o
 .text.set_comparator_for_next_timer
                0x08006660       0x4c ./gecko_sdk_4.4.3/platform/service/sleeptimer/src/sl_sleeptimer.o
 .text.update_delta_list
                0x080066ac       0x70 ./gecko_sdk_4.4.3/platform/service/sleeptimer/src/sl_sleeptimer.o
 .text.create_timer
                0x0800671c       0xc0 ./gecko_sdk_4.4.3/platform/service/sleeptimer/src/sl_sleeptimer.o
 .text.update_next_timer_to_expire_is_power_manager
                0x080067dc       0x58 ./gecko_sdk_4.4.3/platform/service/sleeptimer/src/sl_sleeptimer.o
 .text.__NVIC_EnableIRQ
                0x08006834       0x34 ./gecko_sdk_4.4.3/platform/service/sleeptimer/src/sl_sleeptimer_hal_sysrtc.o
 .text.__NVIC_ClearPendingIRQ
                0x08006868       0x38 ./gecko_sdk_4.4.3/platform/service/sleeptimer/src/sl_sleeptimer_hal_sysrtc.o
 .text.sleeptimer_hal_set_compare
                0x080068a0       0xac ./gecko_sdk_4.4.3/platform/service/sleeptimer/src/sl_sleeptimer_hal_sysrtc.o
                0x080068a0                sleeptimer_hal_set_compare
 .text.sleeptimer_hal_disable_int
                0x0800694c       0x60 ./gecko_sdk_4.4.3/platform/service/sleeptimer/src/sl_sleeptimer_hal_sysrtc.o
                0x0800694c                sleeptimer_hal_disable_int
 .text.sleeptimer_hal_set_int
                0x080069ac       0x2c ./gecko_sdk_4.4.3/platform/service/sleeptimer/src/sl_sleeptimer_hal_sysrtc.o
                0x080069ac                sleeptimer_hal_set_int
 .text.sl_udelay_wait
                0x080069d8       0x80 ./gecko_sdk_4.4.3/platform/service/udelay/src/sl_udelay.o
                0x080069d8                sl_udelay_wait
 .text          0x08006a58       0x30 c:/siliconlabs/simplicitystudio/v5/developer/toolchains/gnu_arm/12.2.rel1_2023.7/bin/../lib/gcc/arm-none-eabi/12.2.1/thumb/v8-m.main+fp/hard\libgcc.a(_aeabi_uldivmod.o)
                0x08006a58                __aeabi_uldivmod
 .text.__udivmoddi4
                0x08006a88      0x2ec c:/siliconlabs/simplicitystudio/v5/developer/toolchains/gnu_arm/12.2.rel1_2023.7/bin/../lib/gcc/arm-none-eabi/12.2.1/thumb/v8-m.main+fp/hard\libgcc.a(_udivmoddi4.o)
                0x08006a88                __udivmoddi4
 .text          0x08006d74        0x4 c:/siliconlabs/simplicitystudio/v5/developer/toolchains/gnu_arm/12.2.rel1_2023.7/bin/../lib/gcc/arm-none-eabi/12.2.1/thumb/v8-m.main+fp/hard\libgcc.a(_dvmd_tls.o)
                0x08006d74                __aeabi_idiv0
                0x08006d74                __aeabi_ldiv0
 .text.exit     0x08006d78       0x24 c:/siliconlabs/simplicitystudio/v5/developer/toolchains/gnu_arm/12.2.rel1_2023.7/bin/../lib/gcc/arm-none-eabi/12.2.1/thumb/v8-m.main+fp/hard\libc_nano.a(libc_a-exit.o)
                0x08006d78                exit
 .text.__libc_init_array
                0x08006d9c       0x48 c:/siliconlabs/simplicitystudio/v5/developer/toolchains/gnu_arm/12.2.rel1_2023.7/bin/../lib/gcc/arm-none-eabi/12.2.1/thumb/v8-m.main+fp/hard\libc_nano.a(libc_a-init.o)
                0x08006d9c                __libc_init_array
 .text.IADC_clearInt
                0x08006de4       0x18 ./iadc.o
 .text.IADC_enableInt
                0x08006dfc       0x18 ./iadc.o
 .text.IADC_command
                0x08006e14       0x12 ./iadc.o
 .text.IADC_getScanFifoCnt
                0x08006e26       0x18 ./iadc.o
 .text.IADC_portPinToPosInput
                0x08006e3e       0x2a ./iadc.o
 .text.supervisor_ticks_ms64
                0x08006e68        0xe ./iadc.o
                0x08006e68                supervisor_ticks_ms64
 .text.main     0x08006e76       0x16 ./main.o
                0x08006e76                main
 .text.BUS_RegBitRead
                0x08006e8c       0x1a ./sensor_data.o
 .text.sl_board_default_init
                0x08006ea6        0x4 ./autogen/sl_board_default_init.o
                0x08006ea6                sl_board_default_init
 .text.CHIP_Init
                0x08006eaa        0x4 ./autogen/sl_event_handler.o
 .text.sl_platform_init
                0x08006eae       0x2a ./autogen/sl_event_handler.o
                0x08006eae                sl_platform_init
 .text.sl_driver_init
                0x08006ed8        0xa ./autogen/sl_event_handler.o
                0x08006ed8                sl_driver_init
 .text.sl_service_init
                0x08006ee2        0xe ./autogen/sl_event_handler.o
                0x08006ee2                sl_service_init
 .text.sl_stack_init
                0x08006ef0        0x4 ./autogen/sl_event_handler.o
                0x08006ef0                sl_stack_init
 .text.sl_internal_app_init
                0x08006ef4        0x4 ./autogen/sl_event_handler.o
                0x08006ef4                sl_internal_app_init
 .text.sl_platform_process_action
                0x08006ef8        0x4 ./autogen/sl_event_handler.o
                0x08006ef8                sl_platform_process_action
 .text.sl_service_process_action
                0x08006efc        0x4 ./autogen/sl_event_handler.o
                0x08006efc                sl_service_process_action
 .text.sl_stack_process_action
                0x08006f00        0x4 ./autogen/sl_event_handler.o
                0x08006f00                sl_stack_process_action
 .text.sl_internal_app_process_action
                0x08006f04        0x4 ./autogen/sl_event_handler.o
                0x08006f04                sl_internal_app_process_action
 .text.sl_board_configure_vcom
                0x08006f08        0x6 ./gecko_sdk_4.4.3/hardware/board/src/sl_board_control_gpio.o
                0x08006f08                sl_board_configure_vcom
 .text.sl_board_init
                0x08006f0e       0x16 ./gecko_sdk_4.4.3/hardware/board/src/sl_board_init.o
                0x08006f0e                sl_board_init
 .text.sl_board_preinit
                0x08006f24        0xe ./gecko_sdk_4.4.3/hardware/board/src/sl_board_init.o
                0x08006f24                sl_board_preinit
 .text.cs_low   0x08006f32        0xe ./gecko_sdk_4.4.3/hardware/driver/mx25_flash_shutdown/src/sl_mx25_flash_shutdown_usart/sl_mx25_flash_shutdown.o
 .text.cs_high  0x08006f40        0xe ./gecko_sdk_4.4.3/hardware/driver/mx25_flash_shutdown/src/sl_mx25_flash_shutdown_usart/sl_mx25_flash_shutdown.o
 .text.sl_si70xx_init
                0x08006f4e       0x58 ./gecko_sdk_4.4.3/hardware/driver/si70xx/src/sl_si70xx.o
                0x08006f4e                sl_si70xx_init
 .text.sl_si70xx_measure_rh_and_temp
                0x08006fa6       0x6e ./gecko_sdk_4.4.3/hardware/driver/si70xx/src/sl_si70xx.o
                0x08006fa6                sl_si70xx_measure_rh_and_temp
 .text.sl_si70xx_present
                0x08007014       0x76 ./gecko_sdk_4.4.3/hardware/driver/si70xx/src/sl_si70xx.o
                0x08007014                sl_si70xx_present
 .text.sl_si70xx_send_command
                0x0800708a       0x86 ./gecko_sdk_4.4.3/hardware/driver/si70xx/src/sl_si70xx.o
 .text.sl_si70xx_get_percent_relative_humidity
                0x08007110       0x1c ./gecko_sdk_4.4.3/hardware/driver/si70xx/src/sl_si70xx.o
 .text.sl_si70xx_get_celcius_temperature
                0x0800712c       0x1c ./gecko_sdk_4.4.3/hardware/driver/si70xx/src/sl_si70xx.o
 .text.Default_Handler
                0x08007148        0x4 ./gecko_sdk_4.4.3/platform/Device/SiliconLabs/EFR32MG24/Source/startup_efr32mg24.o
                0x08007148                ULFRCO_IRQHandler
                0x08007148                AHB2AHB1_IRQHandler
                0x08007148                SW2_IRQHandler
                0x08007148                TIMER2_IRQHandler
                0x08007148                DebugMon_Handler
                0x08007148                USART0_TX_IRQHandler
                0x08007148                EUSART0_TX_IRQHandler
                0x08007148                I2C0_IRQHandler
                0x08007148                LFXO_IRQHandler
                0x08007148                HardFault_Handler
                0x08007148                SMU_SECURE_IRQHandler
                0x08007148                SysTick_Handler
                0x08007148                SYSRTC_SEQ_IRQHandler
                0x08007148                EMUEFP_IRQHandler
                0x08007148                PendSV_Handler
                0x08007148                NMI_Handler
                0x08007148                SYNTH_IRQHandler
                0x08007148                HOSTMAILBOX_IRQHandler
                0x08007148                HFXO0_IRQHandler
                0x08007148                I2C1_IRQHandler
                0x08007148                WDOG0_IRQHandler
                0x08007148                TIMER3_IRQHandler
                0x08007148                SYSCFG_IRQHandler
                0x08007148                RFECA1_IRQHandler
                0x08007148                EMUDG_IRQHandler
                0x08007148                MSC_IRQHandler
                0x08007148                DPLL0_IRQHandler
                0x08007148                UsageFault_Handler
                0x08007148                WDOG1_IRQHandler
                0x08007148                M33CTI1_IRQHandler
                0x08007148                TIMER4_IRQHandler
                0x08007148                GPIO_EVEN_IRQHandler
                0x08007148                VDAC0_IRQHandler
                0x08007148                LDMA_IRQHandler
                0x08007148                SEMBTX_IRQHandler
                0x08007148                SW0_IRQHandler
                0x08007148                TIMER0_IRQHandler
                0x08007148                MVP_IRQHandler
                0x08007148                LETIMER0_IRQHandler
                0x08007148                EUSART1_RX_IRQHandler
                0x08007148                TIMER1_IRQHandler
                0x08007148                HFRCO0_IRQHandler
                0x08007148                SecureFault_Handler
                0x08007148                BUFC_IRQHandler
                0x08007148                DCDC_IRQHandler
                0x08007148                MODEM_IRQHandler
                0x08007148                Default_Handler
                0x08007148                RAC_SEQ_IRQHandler
                0x08007148                FRC_PRI_IRQHandler
                0x08007148                SW3_IRQHandler
                0x08007148                EMU_IRQHandler
                0x08007148                KERNEL0_IRQHandler
                0x08007148                FRC_IRQHandler
                0x08007148                PCNT0_IRQHandler
                0x08007148                KERNEL1_IRQHandler
                0x08007148                AGC_IRQHandler
                0x08007148                EUSART1_TX_IRQHandler
                0x08007148                KEYSCAN_IRQHandler
                0x08007148                HFRCOEM23_IRQHandler
                0x08007148                sl_app_properties
                0x08007148                BURTC_IRQHandler
                0x08007148                SEMBRX_IRQHandler
                0x08007148                RFECA0_IRQHandler
                0x08007148                LFRCO_IRQHandler
                0x08007148                VDAC1_IRQHandler
                0x08007148                ACMP0_IRQHandler
                0x08007148                USART0_RX_IRQHandler
                0x08007148                MemManage_Handler
                0x08007148                AHB2AHB0_IRQHandler
                0x08007148                SVC_Handler
                0x08007148                SMU_S_PRIVILEGED_IRQHandler
                0x08007148                SW1_IRQHandler
                0x08007148                CMU_IRQHandler
                0x08007148                EUSART0_RX_IRQHandler
                0x08007148                RAC_RSM_IRQHandler
                0x08007148                SETAMPERHOST_IRQHandler
                0x08007148                GPIO_ODD_IRQHandler
                0x08007148                AES_IRQHandler
                0x08007148                M33CTI0_IRQHandler
                0x08007148                ICACHE0_IRQHandler
                0x08007148                SMU_NS_PRIVILEGED_IRQHandler
                0x08007148                FPUEXH_IRQHandler
                0x08007148                PROTIMER_IRQHandler
                0x08007148                ACMP1_IRQHandler
                0x08007148                BusFault_Handler
                0x08007148                MPAHBRAM_IRQHandler
 .text.FlashToRamCopy
                0x0800714c       0x30 ./gecko_sdk_4.4.3/platform/Device/SiliconLabs/EFR32MG24/Source/system_efr32mg24.o
                0x0800714c                FlashToRamCopy
 .text.SystemCLKIN0Get
                0x0800717c        0x6 ./gecko_sdk_4.4.3/platform/Device/SiliconLabs/EFR32MG24/Source/system_efr32mg24.o
                0x0800717c                SystemCLKIN0Get
 .text.SystemLFRCOClockGet
                0x08007182        0x8 ./gecko_sdk_4.4.3/platform/Device/SiliconLabs/EFR32MG24/Source/system_efr32mg24.o
                0x08007182                SystemLFRCOClockGet
 .text.SystemULFRCOClockGet
                0x0800718a        0x8 ./gecko_sdk_4.4.3/platform/Device/SiliconLabs/EFR32MG24/Source/system_efr32mg24.o
                0x0800718a                SystemULFRCOClockGet
 .text.assertEFM
                0x08007192        0xa ./gecko_sdk_4.4.3/platform/common/src/sl_assert.o
                0x08007192                assertEFM
 .text._exit    0x0800719c        0x8 ./gecko_sdk_4.4.3/platform/common/src/sl_syscalls.o
                0x0800719c                _exit
 .text.SystemCoreClockGet
                0x080071a4        0xc ./gecko_sdk_4.4.3/platform/emlib/src/em_cmu.o
 .text.BUS_RegBitRead
                0x080071b0       0x1a ./gecko_sdk_4.4.3/platform/emlib/src/em_cmu.o
 .text.BUS_RegMaskedWrite
                0x080071ca       0x34 ./gecko_sdk_4.4.3/platform/emlib/src/em_cmu.o
 .text.sli_em_cmu_SYSCLKInitPreClockSelect
                0x080071fe       0x1a ./gecko_sdk_4.4.3/platform/emlib/src/em_cmu.o
                0x080071fe                sli_em_cmu_SYSCLKInitPreClockSelect
 .text.sli_em_cmu_SYSCLKInitPostClockSelect
                0x08007218       0x2e ./gecko_sdk_4.4.3/platform/emlib/src/em_cmu.o
                0x08007218                sli_em_cmu_SYSCLKInitPostClockSelect
 .text.CMU_UpdateWaitStates
                0x08007246       0x28 ./gecko_sdk_4.4.3/platform/emlib/src/em_cmu.o
                0x08007246                CMU_UpdateWaitStates
 .text.pclkDivMax
                0x0800726e       0x10 ./gecko_sdk_4.4.3/platform/emlib/src/em_cmu.o
 .text.waitStateMax
                0x0800727e       0x14 ./gecko_sdk_4.4.3/platform/emlib/src/em_cmu.o
 .text.CORE_EnterCritical
                0x08007292       0x18 ./gecko_sdk_4.4.3/platform/emlib/src/em_core.o
                0x08007292                CORE_EnterCritical
 .text.CORE_ExitCritical
                0x080072aa       0x14 ./gecko_sdk_4.4.3/platform/emlib/src/em_core.o
                0x080072aa                CORE_ExitCritical
 .text.CORE_EnterAtomic
                0x080072be       0x20 ./gecko_sdk_4.4.3/platform/emlib/src/em_core.o
                0x080072be                CORE_EnterAtomic
 .text.CORE_ExitAtomic
                0x080072de       0x16 ./gecko_sdk_4.4.3/platform/emlib/src/em_core.o
                0x080072de                CORE_ExitAtomic
 .text.BUS_RegBitRead
                0x080072f4       0x1a ./gecko_sdk_4.4.3/platform/emlib/src/em_emu.o
 .text.vScaleEM01Cmd
                0x0800730e       0x1c ./gecko_sdk_4.4.3/platform/emlib/src/em_emu.o
 .text.EMU_EFPEM01VScale
                0x0800732a        0xe ./gecko_sdk_4.4.3/platform/emlib/src/em_emu.o
                0x0800732a                EMU_EFPEM01VScale
 .text.EMU_DCDCUpdatedHook
                0x08007338        0x4 ./gecko_sdk_4.4.3/platform/emlib/src/em_emu.o
                0x08007338                EMU_DCDCUpdatedHook
 .text.BUS_RegMaskedWrite
                0x0800733c       0x34 ./gecko_sdk_4.4.3/platform/emlib/src/em_gpio.o
 .text.I2C_IntClear
                0x08007370       0x18 ./gecko_sdk_4.4.3/platform/emlib/src/em_i2c.o
 .text.BUS_RegMaskedWrite
                0x08007388       0x34 ./gecko_sdk_4.4.3/platform/emlib/src/em_i2c.o
 .text.flushRx  0x080073bc       0x28 ./gecko_sdk_4.4.3/platform/emlib/src/em_i2c.o
 .text.IADC_command
                0x080073e4       0x12 ./gecko_sdk_4.4.3/platform/emlib/src/em_iadc.o
 .text.IADC_enable
                0x080073f6       0x16 ./gecko_sdk_4.4.3/platform/emlib/src/em_iadc.o
 .text.IADC_ConvertRawDataToResult
                0x0800740c       0x72 ./gecko_sdk_4.4.3/platform/emlib/src/em_iadc.o
 .text.IADC_pullScanFifoResult
                0x0800747e       0x2e ./gecko_sdk_4.4.3/platform/emlib/src/em_iadc.o
                0x0800747e                IADC_pullScanFifoResult
 .text.USART_SpiTransfer
                0x080074ac       0x3a ./gecko_sdk_4.4.3/platform/emlib/src/em_usart.o
                0x080074ac                USART_SpiTransfer
 .text.sl_device_init_nvic
                0x080074e6       0x38 ./gecko_sdk_4.4.3/platform/service/device_init/src/sl_device_init_nvic.o
                0x080074e6                sl_device_init_nvic
 .text.sl_sleeptimer_start_timer
                0x0800751e       0x66 ./gecko_sdk_4.4.3/platform/service/sleeptimer/src/sl_sleeptimer.o
                0x0800751e                sl_sleeptimer_start_timer
 .text.delay_callback
                0x08007584       0x16 ./gecko_sdk_4.4.3/platform/service/sleeptimer/src/sl_sleeptimer.o
 .text.sleeptimer_hal_init_timer
                0x0800759a       0x76 ./gecko_sdk_4.4.3/platform/service/sleeptimer/src/sl_sleeptimer_hal_sysrtc.o
                0x0800759a                sleeptimer_hal_init_timer
 .text.sleeptimer_hal_get_counter
                0x08007610        0xc ./gecko_sdk_4.4.3/platform/service/sleeptimer/src/sl_sleeptimer_hal_sysrtc.o
                0x08007610                sleeptimer_hal_get_counter
 .text.sleeptimer_hal_get_compare
                0x0800761c       0x10 ./gecko_sdk_4.4.3/platform/service/sleeptimer/src/sl_sleeptimer_hal_sysrtc.o
                0x0800761c                sleeptimer_hal_get_compare
 .text.sleeptimer_hal_enable_int
                0x0800762c       0x46 ./gecko_sdk_4.4.3/platform/service/sleeptimer/src/sl_sleeptimer_hal_sysrtc.o
                0x0800762c                sleeptimer_hal_enable_int
 .text.SYSRTC_APP_IRQHandler
                0x08007672       0x6a ./gecko_sdk_4.4.3/platform/service/sleeptimer/src/sl_sleeptimer_hal_sysrtc.o
                0x08007672                SYSRTC_APP_IRQHandler
 .text.sleeptimer_hal_get_timer_frequency
                0x080076dc        0xe ./gecko_sdk_4.4.3/platform/service/sleeptimer/src/sl_sleeptimer_hal_sysrtc.o
                0x080076dc                sleeptimer_hal_get_timer_frequency
 .text.get_time_diff
                0x080076ea       0x12 ./gecko_sdk_4.4.3/platform/service/sleeptimer/src/sl_sleeptimer_hal_sysrtc.o
 .text.sl_system_init
                0x080076fc       0x1a ./gecko_sdk_4.4.3/platform/service/system/src/sl_system_init.o
                0x080076fc                sl_system_init
 .text.sl_system_process_action
                0x08007716       0x16 ./gecko_sdk_4.4.3/platform/service/system/src/sl_system_process_action.o
                0x08007716                sl_system_process_action
 .text.SystemCoreClockGet
                0x0800772c        0xc ./gecko_sdk_4.4.3/platform/service/udelay/src/sl_udelay.o
 .text.memset   0x08007738       0x10 c:/siliconlabs/simplicitystudio/v5/developer/toolchains/gnu_arm/12.2.rel1_2023.7/bin/../lib/gcc/arm-none-eabi/12.2.1/thumb/v8-m.main+fp/hard\libc_nano.a(libc_a-memset.o)
                0x08007738                memset
                0x08007760                . = ALIGN (0x20)
 *fill*         0x08007748       0x18 
                0x08007760                linker_code_end = .
 *(.init)
 .init          0x08007760        0x4 c:/siliconlabs/simplicitystudio/v5/developer/toolchains/gnu_arm/12.2.rel1_2023.7/bin/../lib/gcc/arm-none-eabi/12.2.1/thumb/v8-m.main+fp/hard/crti.o
                0x08007760                _init
 .init          0x08007764        0x8 c:/siliconlabs/simplicitystudio/v5/developer/toolchains/gnu_arm/12.2.rel1_2023.7/bin/../lib/gcc/arm-none-eabi/12.2.1/thumb/v8-m.main+fp/hard/crtn.o
 *(.fini)
 .fini          0x0800776c        0x4 c:/siliconlabs/simplicitystudio/v5/developer/toolchains/gnu_arm/12.2.rel1_2023.7/bin/../lib/gcc/arm-none-eabi/12.2.1/thumb/v8-m.main+fp/hard/crti.o
                0x0800776c                _fini
 .fini          0x08007770        0x8 c:/siliconlabs/simplicitystudio/v5/developer/toolchains/gnu_arm/12.2.rel1_2023.7/bin/../lib/gcc/arm-none-eabi/12.2.1/thumb/v8-m.main+fp/hard/crtn.o
 *crtbegin.o(.ctors)
 *crtbegin?.o(.ctors)
 *(EXCLUDE_FILE(*crtend.o *crtend?.o) .ctors)
 *(SORT_BY_NAME(.ctors.*))
 *(.ctors)
 *crtbegin.o(.dtors)
 *crtbegin?.o(.dtors)
 *(EXCLUDE_FILE(*crtend.o *crtend?.o) .dtors)
 *(SORT_BY_NAME(.dtors.*))
 *(.dtors)
                0x08007778                __code_classification_validator_start__ = .
                0x08007798                . = (. + 0x20)
 *fill*         0x08007778       0x20 
 *(code_classification_validator)
                0x080077a0                . = ALIGN (0x20)
 *fill*         0x08007798        0x8 
                0x080077a0                __code_classification_validator_end__ = .
 *(.rodata*)
 .rodata        0x080077a0       0x28 ./iadc.o
 .rodata        0x080077c8       0x35 ./sensor_data.o
 *fill*         0x080077fd        0x3 
 .rodata        0x08007800       0x43 ./gecko_sdk_4.4.3/hardware/board/src/sl_board_control_gpio.o
 *fill*         0x08007843        0x1 
 .rodata        0x08007844       0x54 ./gecko_sdk_4.4.3/hardware/driver/mx25_flash_shutdown/src/sl_mx25_flash_shutdown_usart/sl_mx25_flash_shutdown.o
 .rodata        0x08007898       0x77 ./gecko_sdk_4.4.3/platform/driver/i2cspm/src/sl_i2cspm.o
 *fill*         0x0800790f        0x1 
 .rodata        0x08007910       0x68 ./gecko_sdk_4.4.3/platform/emlib/src/em_cmu.o
 .rodata        0x08007978       0x34 ./gecko_sdk_4.4.3/platform/emlib/src/em_emu.o
 .rodata        0x080079ac       0xa1 ./gecko_sdk_4.4.3/platform/emlib/src/em_gpio.o
 *fill*         0x08007a4d        0x3 
 .rodata        0x08007a50       0x68 ./gecko_sdk_4.4.3/platform/emlib/src/em_i2c.o
 .rodata.i2cNSum
                0x08007ab8        0x4 ./gecko_sdk_4.4.3/platform/emlib/src/em_i2c.o
 .rodata        0x08007abc       0x50 ./gecko_sdk_4.4.3/platform/emlib/src/em_iadc.o
 .rodata        0x08007b0c       0x36 ./gecko_sdk_4.4.3/platform/emlib/src/em_usart.o
 *fill*         0x08007b42        0x2 
 .rodata        0x08007b44       0x44 ./gecko_sdk_4.4.3/platform/peripheral/src/peripheral_sysrtc.o
 .rodata        0x08007b88        0x7 ./gecko_sdk_4.4.3/platform/service/device_init/src/sl_device_init_dcdc_s2.o
 *fill*         0x08007b8f        0x1 
 .rodata        0x08007b90       0x28 ./gecko_sdk_4.4.3/platform/service/device_init/src/sl_device_init_hfxo_s2.o
 .rodata        0x08007bb8       0x14 ./gecko_sdk_4.4.3/platform/service/device_init/src/sl_device_init_lfxo_s2.o
 .rodata        0x08007bcc       0x48 ./gecko_sdk_4.4.3/platform/service/sleeptimer/src/sl_sleeptimer.o
 .rodata        0x08007c14       0x40 ./gecko_sdk_4.4.3/platform/service/udelay/src/sl_udelay.o
 *(.eh_frame*)
 .eh_frame      0x08007c54        0x0 c:/siliconlabs/simplicitystudio/v5/developer/toolchains/gnu_arm/12.2.rel1_2023.7/bin/../lib/gcc/arm-none-eabi/12.2.1/thumb/v8-m.main+fp/hard/crtbegin.o

.glue_7         0x08007c54        0x0
 .glue_7        0x08007c54        0x0 linker stubs

.glue_7t        0x08007c54        0x0
 .glue_7t       0x08007c54        0x0 linker stubs

.vfp11_veneer   0x08007c54        0x0
 .vfp11_veneer  0x08007c54        0x0 linker stubs

.v4_bx          0x08007c54        0x0
 .v4_bx         0x08007c54        0x0 linker stubs

.iplt           0x08007c54        0x0
 .iplt          0x08007c54        0x0 c:/siliconlabs/simplicitystudio/v5/developer/toolchains/gnu_arm/12.2.rel1_2023.7/bin/../lib/gcc/arm-none-eabi/12.2.1/thumb/v8-m.main+fp/hard/crtbegin.o

.ARM.extab
 *(.ARM.extab* .gnu.linkonce.armextab.*)
                0x08007c54                __exidx_start = .

.ARM.exidx      0x08007c54        0x8
 *(.ARM.exidx* .gnu.linkonce.armexidx.*)
 .ARM.exidx     0x08007c54        0x8 c:/siliconlabs/simplicitystudio/v5/developer/toolchains/gnu_arm/12.2.rel1_2023.7/bin/../lib/gcc/arm-none-eabi/12.2.1/thumb/v8-m.main+fp/hard/crt0.o
                                 0x10 (size before relaxing)
 .ARM.exidx.text.__udivmoddi4
                0x08007c5c        0x0 c:/siliconlabs/simplicitystudio/v5/developer/toolchains/gnu_arm/12.2.rel1_2023.7/bin/../lib/gcc/arm-none-eabi/12.2.1/thumb/v8-m.main+fp/hard\libgcc.a(_udivmoddi4.o)
                                  0x8 (size before relaxing)
                0x08007c5c                __exidx_end = .

.rel.dyn        0x08007c5c        0x0
 .rel.iplt      0x08007c5c        0x0 c:/siliconlabs/simplicitystudio/v5/developer/toolchains/gnu_arm/12.2.rel1_2023.7/bin/../lib/gcc/arm-none-eabi/12.2.1/thumb/v8-m.main+fp/hard/crtbegin.o

.copy.table     0x08007c5c        0xc
                0x08007c5c                . = ALIGN (0x4)
                0x08007c5c                __copy_table_start__ = .
                0x08007c5c        0x4 LONG 0x8007c68 __etext
                0x08007c60        0x4 LONG 0x20001000 __data_start__
                0x08007c64        0x4 LONG 0x25 ((__data_end__ - __data_start__) / 0x4)
                0x08007c68                __copy_table_end__ = .

.zero.table     0x08007c68        0x0
                0x08007c68                . = ALIGN (0x4)
                0x08007c68                __zero_table_start__ = .
                0x08007c68                __zero_table_end__ = .
                0x08007c68                __etext = .
                0x20000000                . = ORIGIN (RAM)

.stack          0x20000000     0x1000
                0x20000000                __StackLimit = .
 *(.stack*)
 .stack         0x20000000     0x1000 ./gecko_sdk_4.4.3/platform/common/toolchain/src/sl_memory.o
                0x20001000                . = ALIGN (0x4)
                0x20001000                __StackTop = .
                0x20001000                PROVIDE (__stack = __StackTop)

.noinit
 *(.noinit*)

.data           0x20001000       0x94 load address 0x08007c68
                0x20001000                . = ALIGN (0x4)
                0x20001000                __data_start__ = .
 *(vtable)
 *(SORT_BY_ALIGNMENT(.data*))
 .data.speaker_pin
                0x20001000        0x2 ./app.o
                0x20001000                speaker_pin
 *fill*         0x20001002        0x2 
 .data.btt_pin  0x20001004        0x2 ./app.o
                0x20001004                btt_pin
 *fill*         0x20001006        0x2 
 .data.smoke_pin
                0x20001008        0x2 ./app.o
                0x20001008                smoke_pin
 *fill*         0x2000100a        0x2 
 .data.init_scan_table
                0x2000100c       0x50 ./iadc.o
                0x2000100c                init_scan_table
 .data.sl_i2cspm_sensor
                0x2000105c        0x4 ./autogen/sl_i2cspm_init.o
                0x2000105c                sl_i2cspm_sensor
 .data.init_sensor
                0x20001060       0x14 ./autogen/sl_i2cspm_init.o
                0x20001060                init_sensor
 .data.SystemHFXOClock
                0x20001074        0x4 ./gecko_sdk_4.4.3/platform/Device/SiliconLabs/EFR32MG24/Source/system_efr32mg24.o
 .data.SystemLFXOClock
                0x20001078        0x4 ./gecko_sdk_4.4.3/platform/Device/SiliconLabs/EFR32MG24/Source/system_efr32mg24.o
 .data.SystemHFRCODPLLClock
                0x2000107c        0x4 ./gecko_sdk_4.4.3/platform/Device/SiliconLabs/EFR32MG24/Source/system_efr32mg24.o
 .data.SystemCoreClock
                0x20001080        0x4 ./gecko_sdk_4.4.3/platform/Device/SiliconLabs/EFR32MG24/Source/system_efr32mg24.o
                0x20001080                SystemCoreClock
 .data.lfxo_precision
                0x20001084        0x2 ./gecko_sdk_4.4.3/platform/emlib/src/em_cmu.o
 .data.hfxo_precision
                0x20001086        0x2 ./gecko_sdk_4.4.3/platform/emlib/src/em_cmu.o
 .data.ctuneDelta
                0x20001088        0x1 ./gecko_sdk_4.4.3/platform/emlib/src/em_cmu.o
 .data.cc_disabled
                0x20001089        0x1 ./gecko_sdk_4.4.3/platform/service/sleeptimer/src/sl_sleeptimer_hal_sysrtc.o
                0x2000108c                . = ALIGN (0x4)
 *fill*         0x2000108a        0x2 
                [!provide]                PROVIDE (__ram_func_section_start = .)
 *(.ram)
                [!provide]                PROVIDE (__ram_func_section_end = .)
                0x2000108c                . = ALIGN (0x4)
                0x2000108c                PROVIDE (__preinit_array_start = .)
 *(.preinit_array)
                0x2000108c                PROVIDE (__preinit_array_end = .)
                0x2000108c                . = ALIGN (0x4)
                0x2000108c                PROVIDE (__init_array_start = .)
 *(SORT_BY_NAME(.init_array.*))
 *(.init_array)
 .init_array    0x2000108c        0x4 c:/siliconlabs/simplicitystudio/v5/developer/toolchains/gnu_arm/12.2.rel1_2023.7/bin/../lib/gcc/arm-none-eabi/12.2.1/thumb/v8-m.main+fp/hard/crtbegin.o
                0x20001090                PROVIDE (__init_array_end = .)
                0x20001090                . = ALIGN (0x4)
                [!provide]                PROVIDE (__fini_array_start = .)
 *(SORT_BY_NAME(.fini_array.*))
 *(.fini_array)
 .fini_array    0x20001090        0x4 c:/siliconlabs/simplicitystudio/v5/developer/toolchains/gnu_arm/12.2.rel1_2023.7/bin/../lib/gcc/arm-none-eabi/12.2.1/thumb/v8-m.main+fp/hard/crtbegin.o
                [!provide]                PROVIDE (__fini_array_end = .)
                0x20001094                . = ALIGN (0x4)
                0x20001094                __data_end__ = .

.tm_clone_table
                0x20001094        0x0 load address 0x08007cfc
 .tm_clone_table
                0x20001094        0x0 c:/siliconlabs/simplicitystudio/v5/developer/toolchains/gnu_arm/12.2.rel1_2023.7/bin/../lib/gcc/arm-none-eabi/12.2.1/thumb/v8-m.main+fp/hard/crtbegin.o
 .tm_clone_table
                0x20001094        0x0 c:/siliconlabs/simplicitystudio/v5/developer/toolchains/gnu_arm/12.2.rel1_2023.7/bin/../lib/gcc/arm-none-eabi/12.2.1/thumb/v8-m.main+fp/hard/crtend.o

.igot.plt       0x20001094        0x0 load address 0x08007cfc
 .igot.plt      0x20001094        0x0 c:/siliconlabs/simplicitystudio/v5/developer/toolchains/gnu_arm/12.2.rel1_2023.7/bin/../lib/gcc/arm-none-eabi/12.2.1/thumb/v8-m.main+fp/hard/crtbegin.o

.bss            0x20001094       0x88 load address 0x08007cfc
                0x20001094                . = ALIGN (0x4)
                0x20001094                __bss_start__ = .
 *(SORT_BY_ALIGNMENT(.bss*))
 .bss.object.0  0x20001094       0x18 c:/siliconlabs/simplicitystudio/v5/developer/toolchains/gnu_arm/12.2.rel1_2023.7/bin/../lib/gcc/arm-none-eabi/12.2.1/thumb/v8-m.main+fp/hard/crtbegin.o
 .bss.data      0x200010ac       0x10 ./app.o
                0x200010ac                data
 .bss.scan_result
                0x200010bc       0x10 ./iadc.o
                0x200010bc                scan_result
 .bss.analog_input
                0x200010cc        0x8 ./sensor_data.o
 .bss.global_smoke_pin
                0x200010d4        0x2 ./sensor_data.o
 *fill*         0x200010d6        0x2 
 .bss.global_button_pin
                0x200010d8        0x2 ./sensor_data.o
 *fill*         0x200010da        0x2 
 .bss.global_speaker_pin
                0x200010dc        0x2 ./sensor_data.o
 *fill*         0x200010de        0x2 
 .bss.vScaleEM01Config
                0x200010e0        0x1 ./gecko_sdk_4.4.3/platform/emlib/src/em_emu.o
 *fill*         0x200010e1        0x3 
 .bss.i2cTransfer
                0x200010e4       0x18 ./gecko_sdk_4.4.3/platform/emlib/src/em_i2c.o
 .bss.timer_frequency
                0x200010fc        0x4 ./gecko_sdk_4.4.3/platform/service/sleeptimer/src/sl_sleeptimer.o
 .bss.timer_head
                0x20001100        0x4 ./gecko_sdk_4.4.3/platform/service/sleeptimer/src/sl_sleeptimer.o
 .bss.last_delta_update_count
                0x20001104        0x4 ./gecko_sdk_4.4.3/platform/service/sleeptimer/src/sl_sleeptimer.o
 .bss.max_millisecond_conversion
                0x20001108        0x4 ./gecko_sdk_4.4.3/platform/service/sleeptimer/src/sl_sleeptimer.o
 .bss.__stdio_exit_handler
                0x2000110c        0x4 c:/siliconlabs/simplicitystudio/v5/developer/toolchains/gnu_arm/12.2.rel1_2023.7/bin/../lib/gcc/arm-none-eabi/12.2.1/thumb/v8-m.main+fp/hard\libc_nano.a(libc_a-findfp.o)
                0x2000110c                __stdio_exit_handler
 .bss.overflow_counter
                0x20001110        0x2 ./gecko_sdk_4.4.3/platform/service/sleeptimer/src/sl_sleeptimer.o
 .bss.completed.1
                0x20001112        0x1 c:/siliconlabs/simplicitystudio/v5/developer/toolchains/gnu_arm/12.2.rel1_2023.7/bin/../lib/gcc/arm-none-eabi/12.2.1/thumb/v8-m.main+fp/hard/crtbegin.o
 .bss.num_current_input
                0x20001113        0x1 ./iadc.o
 .bss.scan_flag
                0x20001114        0x1 ./iadc.o
                0x20001114                scan_flag
 .bss.initialized
                0x20001115        0x1 ./gecko_sdk_4.4.3/app/bluetooth/common/sensor_rht/sl_sensor_rht.o
 .bss.is_sleeptimer_initialized
                0x20001116        0x1 ./gecko_sdk_4.4.3/platform/service/sleeptimer/src/sl_sleeptimer.o
 .bss.next_timer_to_expire_is_power_manager
                0x20001117        0x1 ./gecko_sdk_4.4.3/platform/service/sleeptimer/src/sl_sleeptimer.o
 .bss.sleep_on_isr_exit
                0x20001118        0x1 ./gecko_sdk_4.4.3/platform/service/sleeptimer/src/sl_sleeptimer.o
 *(COMMON)
                0x2000111c                . = ALIGN (0x4)
 *fill*         0x20001119        0x3 
                0x2000111c                __bss_end__ = .
                0x2000111c                __ramfuncs_start__ = .
                0x2000111c                __vma_ramfuncs_start__ = .
                0x08007cfc                __lma_ramfuncs_start__ = (__etext + SIZEOF (.data))
                0x00000000                __text_application_ram_offset__ = (. - __vma_ramfuncs_start__)

text_application_ram
                0x2000111c        0x0 load address 0x08007cfc
                0x2000111c                . = ALIGN (0x4)
                0x2000111c                __text_application_ram_start__ = .
 *(text_application_ram)
                0x2000111c                . = ALIGN (0x4)
                0x2000111c                __text_application_ram_end__ = .
                0x2000111c                . = ALIGN (0x4)
                0x2000111c                __vma_ramfuncs_end__ = .
                0x08007cfc                __lma_ramfuncs_end__ = ((__lma_ramfuncs_start__ + __text_application_ram_offset__) + SIZEOF (text_application_ram))
                0x2000111c                __ramfuncs_end__ = .

.heap           0x20001120      0x800
                0x20001120                __HeapBase = .
                0x20001120                __end__ = .
                0x20001120                end = __end__
                0x20001120                _end = __end__
 *(.heap*)
 .heap          0x20001120      0x800 ./gecko_sdk_4.4.3/platform/common/toolchain/src/sl_memory.o
                0x20040000                __HeapLimit = (ORIGIN (RAM) + LENGTH (RAM))
                0x0003eee0                __heap_size = (__HeapLimit - __HeapBase)
                0x20040000                __ram_end__ = 0x20040000
                0x0817e000                __main_flash_end__ = 0x817e000

.internal_storage
 *(.internal_storage*)

.nvm
 *(.simee*)
                0x0817e000                linker_nvm_end = __main_flash_end__
                0x0817e000                linker_nvm_begin = (linker_nvm_end - SIZEOF (.nvm))
                0x00000000                linker_nvm_size = SIZEOF (.nvm)
                0x0817e000                linker_storage_end = linker_nvm_begin
                0x0817e000                __nvm3Base = linker_nvm_begin
                0x0817e000                linker_storage_begin = (linker_storage_end - SIZEOF (.internal_storage))
                0x00000000                linker_storage_size = SIZEOF (.internal_storage)
                0x00000001                ASSERT ((linker_storage_begin >= (__etext + SIZEOF (.data))), FLASH memory overflowed !)
                0x0817e000                app_flash_end = 0x817e000
                0x00000001                ASSERT (((linker_nvm_begin + SIZEOF (.nvm)) <= app_flash_end), NVM3 is excessing the flash size !)
OUTPUT(3_Sensor.axf elf32-littlearm)
LOAD linker stubs

.ARM.attributes
                0x00000000       0x36
 .ARM.attributes
                0x00000000       0x26 c:/siliconlabs/simplicitystudio/v5/developer/toolchains/gnu_arm/12.2.rel1_2023.7/bin/../lib/gcc/arm-none-eabi/12.2.1/thumb/v8-m.main+fp/hard/crti.o
 .ARM.attributes
                0x00000026       0x38 c:/siliconlabs/simplicitystudio/v5/developer/toolchains/gnu_arm/12.2.rel1_2023.7/bin/../lib/gcc/arm-none-eabi/12.2.1/thumb/v8-m.main+fp/hard/crtbegin.o
 .ARM.attributes
                0x0000005e       0x24 c:/siliconlabs/simplicitystudio/v5/developer/toolchains/gnu_arm/12.2.rel1_2023.7/bin/../lib/gcc/arm-none-eabi/12.2.1/thumb/v8-m.main+fp/hard/crt0.o
 .ARM.attributes
                0x00000082       0x3a ./app.o
 .ARM.attributes
                0x000000bc       0x3a ./iadc.o
 .ARM.attributes
                0x000000f6       0x3a ./main.o
 .ARM.attributes
                0x00000130       0x3a ./sensor_data.o
 .ARM.attributes
                0x0000016a       0x3a ./autogen/sl_board_default_init.o
 .ARM.attributes
                0x000001a4       0x3a ./autogen/sl_device_init_clocks.o
 .ARM.attributes
                0x000001de       0x3a ./autogen/sl_event_handler.o
 .ARM.attributes
                0x00000218       0x3a ./autogen/sl_i2cspm_init.o
 .ARM.attributes
                0x00000252       0x3a ./gecko_sdk_4.4.3/app/bluetooth/common/sensor_rht/sl_sensor_rht.o
 .ARM.attributes
                0x0000028c       0x3a ./gecko_sdk_4.4.3/app/bluetooth/common/sensor_select/sl_sensor_select.o
 .ARM.attributes
                0x000002c6       0x3a ./gecko_sdk_4.4.3/hardware/board/src/sl_board_control_gpio.o
 .ARM.attributes
                0x00000300       0x3a ./gecko_sdk_4.4.3/hardware/board/src/sl_board_init.o
 .ARM.attributes
                0x0000033a       0x3a ./gecko_sdk_4.4.3/hardware/driver/mx25_flash_shutdown/src/sl_mx25_flash_shutdown_usart/sl_mx25_flash_shutdown.o
 .ARM.attributes
                0x00000374       0x3a ./gecko_sdk_4.4.3/hardware/driver/si70xx/src/sl_si70xx.o
 .ARM.attributes
                0x000003ae       0x3a ./gecko_sdk_4.4.3/platform/Device/SiliconLabs/EFR32MG24/Source/startup_efr32mg24.o
 .ARM.attributes
                0x000003e8       0x3a ./gecko_sdk_4.4.3/platform/Device/SiliconLabs/EFR32MG24/Source/system_efr32mg24.o
 .ARM.attributes
                0x00000422       0x3a ./gecko_sdk_4.4.3/platform/common/src/sl_assert.o
 .ARM.attributes
                0x0000045c       0x3a ./gecko_sdk_4.4.3/platform/common/src/sl_syscalls.o
 .ARM.attributes
                0x00000496       0x3a ./gecko_sdk_4.4.3/platform/common/toolchain/src/sl_memory.o
 .ARM.attributes
                0x000004d0       0x3a ./gecko_sdk_4.4.3/platform/driver/i2cspm/src/sl_i2cspm.o
 .ARM.attributes
                0x0000050a       0x3a ./gecko_sdk_4.4.3/platform/emlib/src/em_cmu.o
 .ARM.attributes
                0x00000544       0x3a ./gecko_sdk_4.4.3/platform/emlib/src/em_core.o
 .ARM.attributes
                0x0000057e       0x3a ./gecko_sdk_4.4.3/platform/emlib/src/em_emu.o
 .ARM.attributes
                0x000005b8       0x3a ./gecko_sdk_4.4.3/platform/emlib/src/em_gpio.o
 .ARM.attributes
                0x000005f2       0x3a ./gecko_sdk_4.4.3/platform/emlib/src/em_i2c.o
 .ARM.attributes
                0x0000062c       0x3a ./gecko_sdk_4.4.3/platform/emlib/src/em_iadc.o
 .ARM.attributes
                0x00000666       0x3a ./gecko_sdk_4.4.3/platform/emlib/src/em_system.o
 .ARM.attributes
                0x000006a0       0x3a ./gecko_sdk_4.4.3/platform/emlib/src/em_usart.o
 .ARM.attributes
                0x000006da       0x3a ./gecko_sdk_4.4.3/platform/peripheral/src/peripheral_sysrtc.o
 .ARM.attributes
                0x00000714       0x3a ./gecko_sdk_4.4.3/platform/service/device_init/src/sl_device_init_dcdc_s2.o
 .ARM.attributes
                0x0000074e       0x3a ./gecko_sdk_4.4.3/platform/service/device_init/src/sl_device_init_emu_s2.o
 .ARM.attributes
                0x00000788       0x3a ./gecko_sdk_4.4.3/platform/service/device_init/src/sl_device_init_hfxo_s2.o
 .ARM.attributes
                0x000007c2       0x3a ./gecko_sdk_4.4.3/platform/service/device_init/src/sl_device_init_lfxo_s2.o
 .ARM.attributes
                0x000007fc       0x3a ./gecko_sdk_4.4.3/platform/service/device_init/src/sl_device_init_nvic.o
 .ARM.attributes
                0x00000836       0x3a ./gecko_sdk_4.4.3/platform/service/sleeptimer/src/sl_sleeptimer.o
 .ARM.attributes
                0x00000870       0x3a ./gecko_sdk_4.4.3/platform/service/sleeptimer/src/sl_sleeptimer_hal_sysrtc.o
 .ARM.attributes
                0x000008aa       0x3a ./gecko_sdk_4.4.3/platform/service/system/src/sl_system_init.o
 .ARM.attributes
                0x000008e4       0x3a ./gecko_sdk_4.4.3/platform/service/system/src/sl_system_process_action.o
 .ARM.attributes
                0x0000091e       0x3a ./gecko_sdk_4.4.3/platform/service/udelay/src/sl_udelay.o
 .ARM.attributes
                0x00000958       0x26 ./gecko_sdk_4.4.3/platform/service/udelay/src/sl_udelay_armv6m_gcc.o
 .ARM.attributes
                0x0000097e       0x26 c:/siliconlabs/simplicitystudio/v5/developer/toolchains/gnu_arm/12.2.rel1_2023.7/bin/../lib/gcc/arm-none-eabi/12.2.1/thumb/v8-m.main+fp/hard\libgcc.a(_aeabi_uldivmod.o)
 .ARM.attributes
                0x000009a4       0x38 c:/siliconlabs/simplicitystudio/v5/developer/toolchains/gnu_arm/12.2.rel1_2023.7/bin/../lib/gcc/arm-none-eabi/12.2.1/thumb/v8-m.main+fp/hard\libgcc.a(_udivmoddi4.o)
 .ARM.attributes
                0x000009dc       0x26 c:/siliconlabs/simplicitystudio/v5/developer/toolchains/gnu_arm/12.2.rel1_2023.7/bin/../lib/gcc/arm-none-eabi/12.2.1/thumb/v8-m.main+fp/hard\libgcc.a(_dvmd_tls.o)
 .ARM.attributes
                0x00000a02       0x38 c:/siliconlabs/simplicitystudio/v5/developer/toolchains/gnu_arm/12.2.rel1_2023.7/bin/../lib/gcc/arm-none-eabi/12.2.1/thumb/v8-m.main+fp/hard\libc_nano.a(libc_a-exit.o)
 .ARM.attributes
                0x00000a3a       0x38 c:/siliconlabs/simplicitystudio/v5/developer/toolchains/gnu_arm/12.2.rel1_2023.7/bin/../lib/gcc/arm-none-eabi/12.2.1/thumb/v8-m.main+fp/hard\libc_nano.a(libc_a-findfp.o)
 .ARM.attributes
                0x00000a72       0x38 c:/siliconlabs/simplicitystudio/v5/developer/toolchains/gnu_arm/12.2.rel1_2023.7/bin/../lib/gcc/arm-none-eabi/12.2.1/thumb/v8-m.main+fp/hard\libc_nano.a(libc_a-memset.o)
 .ARM.attributes
                0x00000aaa       0x38 c:/siliconlabs/simplicitystudio/v5/developer/toolchains/gnu_arm/12.2.rel1_2023.7/bin/../lib/gcc/arm-none-eabi/12.2.1/thumb/v8-m.main+fp/hard\libc_nano.a(libc_a-init.o)
 .ARM.attributes
                0x00000ae2       0x38 c:/siliconlabs/simplicitystudio/v5/developer/toolchains/gnu_arm/12.2.rel1_2023.7/bin/../lib/gcc/arm-none-eabi/12.2.1/thumb/v8-m.main+fp/hard/crtend.o
 .ARM.attributes
                0x00000b1a       0x26 c:/siliconlabs/simplicitystudio/v5/developer/toolchains/gnu_arm/12.2.rel1_2023.7/bin/../lib/gcc/arm-none-eabi/12.2.1/thumb/v8-m.main+fp/hard/crtn.o

.comment        0x00000000       0x45
 .comment       0x00000000       0x45 ./app.o
                                 0x46 (size before relaxing)
 .comment       0x00000045       0x46 ./iadc.o
 .comment       0x00000045       0x46 ./main.o
 .comment       0x00000045       0x46 ./sensor_data.o
 .comment       0x00000045       0x46 ./autogen/sl_board_default_init.o
 .comment       0x00000045       0x46 ./autogen/sl_device_init_clocks.o
 .comment       0x00000045       0x46 ./autogen/sl_event_handler.o
 .comment       0x00000045       0x46 ./autogen/sl_i2cspm_init.o
 .comment       0x00000045       0x46 ./gecko_sdk_4.4.3/app/bluetooth/common/sensor_rht/sl_sensor_rht.o
 .comment       0x00000045       0x46 ./gecko_sdk_4.4.3/app/bluetooth/common/sensor_select/sl_sensor_select.o
 .comment       0x00000045       0x46 ./gecko_sdk_4.4.3/hardware/board/src/sl_board_control_gpio.o
 .comment       0x00000045       0x46 ./gecko_sdk_4.4.3/hardware/board/src/sl_board_init.o
 .comment       0x00000045       0x46 ./gecko_sdk_4.4.3/hardware/driver/mx25_flash_shutdown/src/sl_mx25_flash_shutdown_usart/sl_mx25_flash_shutdown.o
 .comment       0x00000045       0x46 ./gecko_sdk_4.4.3/hardware/driver/si70xx/src/sl_si70xx.o
 .comment       0x00000045       0x46 ./gecko_sdk_4.4.3/platform/Device/SiliconLabs/EFR32MG24/Source/startup_efr32mg24.o
 .comment       0x00000045       0x46 ./gecko_sdk_4.4.3/platform/Device/SiliconLabs/EFR32MG24/Source/system_efr32mg24.o
 .comment       0x00000045       0x46 ./gecko_sdk_4.4.3/platform/common/src/sl_assert.o
 .comment       0x00000045       0x46 ./gecko_sdk_4.4.3/platform/common/src/sl_syscalls.o
 .comment       0x00000045       0x46 ./gecko_sdk_4.4.3/platform/common/toolchain/src/sl_memory.o
 .comment       0x00000045       0x46 ./gecko_sdk_4.4.3/platform/driver/i2cspm/src/sl_i2cspm.o
 .comment       0x00000045       0x46 ./gecko_sdk_4.4.3/platform/emlib/src/em_cmu.o
 .comment       0x00000045       0x46 ./gecko_sdk_4.4.3/platform/emlib/src/em_core.o
 .comment       0x00000045       0x46 ./gecko_sdk_4.4.3/platform/emlib/src/em_emu.o
 .comment       0x00000045       0x46 ./gecko_sdk_4.4.3/platform/emlib/src/em_gpio.o
 .comment       0x00000045       0x46 ./gecko_sdk_4.4.3/platform/emlib/src/em_i2c.o
 .comment       0x00000045       0x46 ./gecko_sdk_4.4.3/platform/emlib/src/em_iadc.o
 .comment       0x00000045       0x46 ./gecko_sdk_4.4.3/platform/emlib/src/em_system.o
 .comment       0x00000045       0x46 ./gecko_sdk_4.4.3/platform/emlib/src/em_usart.o
 .comment       0x00000045       0x46 ./gecko_sdk_4.4.3/platform/peripheral/src/peripheral_sysrtc.o
 .comment       0x00000045       0x46 ./gecko_sdk_4.4.3/platform/service/device_init/src/sl_device_init_dcdc_s2.o
 .comment       0x00000045       0x46 ./gecko_sdk_4.4.3/platform/service/device_init/src/sl_device_init_emu_s2.o
 .comment       0x00000045       0x46 ./gecko_sdk_4.4.3/platform/service/device_init/src/sl_device_init_hfxo_s2.o
 .comment       0x00000045       0x46 ./gecko_sdk_4.4.3/platform/service/device_init/src/sl_device_init_lfxo_s2.o
 .comment       0x00000045       0x46 ./gecko_sdk_4.4.3/platform/service/device_init/src/sl_device_init_nvic.o
 .comment       0x00000045       0x46 ./gecko_sdk_4.4.3/platform/service/sleeptimer/src/sl_sleeptimer.o
 .comment       0x00000045       0x46 ./gecko_sdk_4.4.3/platform/service/sleeptimer/src/sl_sleeptimer_hal_sysrtc.o
 .comment       0x00000045       0x46 ./gecko_sdk_4.4.3/platform/service/system/src/sl_system_init.o
 .comment       0x00000045       0x46 ./gecko_sdk_4.4.3/platform/service/system/src/sl_system_process_action.o
 .comment       0x00000045       0x46 ./gecko_sdk_4.4.3/platform/service/udelay/src/sl_udelay.o

.debug_line_str
                0x00000000      0x1c0
 .debug_line_str
                0x00000000       0xe7 c:/siliconlabs/simplicitystudio/v5/developer/toolchains/gnu_arm/12.2.rel1_2023.7/bin/../lib/gcc/arm-none-eabi/12.2.1/thumb/v8-m.main+fp/hard/crt0.o
 .debug_line_str
                0x000000e7       0xcd c:/siliconlabs/simplicitystudio/v5/developer/toolchains/gnu_arm/12.2.rel1_2023.7/bin/../lib/gcc/arm-none-eabi/12.2.1/thumb/v8-m.main+fp/hard\libgcc.a(_aeabi_uldivmod.o)
 .debug_line_str
                0x000001b4        0xc c:/siliconlabs/simplicitystudio/v5/developer/toolchains/gnu_arm/12.2.rel1_2023.7/bin/../lib/gcc/arm-none-eabi/12.2.1/thumb/v8-m.main+fp/hard\libgcc.a(_dvmd_tls.o)
                                 0xd1 (size before relaxing)

.debug_info     0x00000000    0x2f82b
 .debug_info    0x00000000      0x2bb ./app.o
 .debug_info    0x000002bb     0x33e2 ./iadc.o
 .debug_info    0x0000369d       0xbe ./main.o
 .debug_info    0x0000375b     0x1a8b ./sensor_data.o
 .debug_info    0x000051e6       0x86 ./autogen/sl_board_default_init.o
 .debug_info    0x0000526c     0x13f9 ./autogen/sl_device_init_clocks.o
 .debug_info    0x00006665      0x213 ./autogen/sl_event_handler.o
 .debug_info    0x00006878      0x87a ./autogen/sl_i2cspm_init.o
 .debug_info    0x000070f2      0x716 ./gecko_sdk_4.4.3/app/bluetooth/common/sensor_rht/sl_sensor_rht.o
 .debug_info    0x00007808      0x5c0 ./gecko_sdk_4.4.3/app/bluetooth/common/sensor_select/sl_sensor_select.o
 .debug_info    0x00007dc8      0x453 ./gecko_sdk_4.4.3/hardware/board/src/sl_board_control_gpio.o
 .debug_info    0x0000821b      0x2b4 ./gecko_sdk_4.4.3/hardware/board/src/sl_board_init.o
 .debug_info    0x000084cf     0x22eb ./gecko_sdk_4.4.3/hardware/driver/mx25_flash_shutdown/src/sl_mx25_flash_shutdown_usart/sl_mx25_flash_shutdown.o
 .debug_info    0x0000a7ba      0xc8c ./gecko_sdk_4.4.3/hardware/driver/si70xx/src/sl_si70xx.o
 .debug_info    0x0000b446      0x377 ./gecko_sdk_4.4.3/platform/Device/SiliconLabs/EFR32MG24/Source/startup_efr32mg24.o
 .debug_info    0x0000b7bd     0x23f6 ./gecko_sdk_4.4.3/platform/Device/SiliconLabs/EFR32MG24/Source/system_efr32mg24.o
 .debug_info    0x0000dbb3       0x7d ./gecko_sdk_4.4.3/platform/common/src/sl_assert.o
 .debug_info    0x0000dc30      0x2e9 ./gecko_sdk_4.4.3/platform/common/src/sl_syscalls.o
 .debug_info    0x0000df19      0x1f4 ./gecko_sdk_4.4.3/platform/common/toolchain/src/sl_memory.o
 .debug_info    0x0000e10d     0x20dd ./gecko_sdk_4.4.3/platform/driver/i2cspm/src/sl_i2cspm.o
 .debug_info    0x000101ea     0x8d72 ./gecko_sdk_4.4.3/platform/emlib/src/em_cmu.o
 .debug_info    0x00018f5c     0x10e5 ./gecko_sdk_4.4.3/platform/emlib/src/em_core.o
 .debug_info    0x0001a041     0x4b28 ./gecko_sdk_4.4.3/platform/emlib/src/em_emu.o
 .debug_info    0x0001eb69     0x23bb ./gecko_sdk_4.4.3/platform/emlib/src/em_gpio.o
 .debug_info    0x00020f24      0xdc1 ./gecko_sdk_4.4.3/platform/emlib/src/em_i2c.o
 .debug_info    0x00021ce5     0x2404 ./gecko_sdk_4.4.3/platform/emlib/src/em_iadc.o
 .debug_info    0x000240e9     0x1e19 ./gecko_sdk_4.4.3/platform/emlib/src/em_system.o
 .debug_info    0x00025f02     0x461a ./gecko_sdk_4.4.3/platform/emlib/src/em_usart.o
 .debug_info    0x0002a51c      0xbf9 ./gecko_sdk_4.4.3/platform/peripheral/src/peripheral_sysrtc.o
 .debug_info    0x0002b115      0x34d ./gecko_sdk_4.4.3/platform/service/device_init/src/sl_device_init_dcdc_s2.o
 .debug_info    0x0002b462      0xb34 ./gecko_sdk_4.4.3/platform/service/device_init/src/sl_device_init_emu_s2.o
 .debug_info    0x0002bf96      0x87f ./gecko_sdk_4.4.3/platform/service/device_init/src/sl_device_init_hfxo_s2.o
 .debug_info    0x0002c815      0x27a ./gecko_sdk_4.4.3/platform/service/device_init/src/sl_device_init_lfxo_s2.o
 .debug_info    0x0002ca8f      0x834 ./gecko_sdk_4.4.3/platform/service/device_init/src/sl_device_init_nvic.o
 .debug_info    0x0002d2c3      0xffd ./gecko_sdk_4.4.3/platform/service/sleeptimer/src/sl_sleeptimer.o
 .debug_info    0x0002e2c0     0x1308 ./gecko_sdk_4.4.3/platform/service/sleeptimer/src/sl_sleeptimer_hal_sysrtc.o
 .debug_info    0x0002f5c8       0x78 ./gecko_sdk_4.4.3/platform/service/system/src/sl_system_init.o
 .debug_info    0x0002f640       0x6d ./gecko_sdk_4.4.3/platform/service/system/src/sl_system_process_action.o
 .debug_info    0x0002f6ad      0x158 ./gecko_sdk_4.4.3/platform/service/udelay/src/sl_udelay.o
 .debug_info    0x0002f805       0x26 ./gecko_sdk_4.4.3/platform/service/udelay/src/sl_udelay_armv6m_gcc.o

.debug_abbrev   0x00000000     0x41a6
 .debug_abbrev  0x00000000       0xda ./app.o
 .debug_abbrev  0x000000da      0x2fe ./iadc.o
 .debug_abbrev  0x000003d8       0x5b ./main.o
 .debug_abbrev  0x00000433      0x21c ./sensor_data.o
 .debug_abbrev  0x0000064f       0x46 ./autogen/sl_board_default_init.o
 .debug_abbrev  0x00000695       0xd3 ./autogen/sl_device_init_clocks.o
 .debug_abbrev  0x00000768       0xbe ./autogen/sl_event_handler.o
 .debug_abbrev  0x00000826      0x14b ./autogen/sl_i2cspm_init.o
 .debug_abbrev  0x00000971      0x170 ./gecko_sdk_4.4.3/app/bluetooth/common/sensor_rht/sl_sensor_rht.o
 .debug_abbrev  0x00000ae1      0x104 ./gecko_sdk_4.4.3/app/bluetooth/common/sensor_select/sl_sensor_select.o
 .debug_abbrev  0x00000be5      0x15a ./gecko_sdk_4.4.3/hardware/board/src/sl_board_control_gpio.o
 .debug_abbrev  0x00000d3f       0xba ./gecko_sdk_4.4.3/hardware/board/src/sl_board_init.o
 .debug_abbrev  0x00000df9      0x1f7 ./gecko_sdk_4.4.3/hardware/driver/mx25_flash_shutdown/src/sl_mx25_flash_shutdown_usart/sl_mx25_flash_shutdown.o
 .debug_abbrev  0x00000ff0      0x21d ./gecko_sdk_4.4.3/hardware/driver/si70xx/src/sl_si70xx.o
 .debug_abbrev  0x0000120d      0x211 ./gecko_sdk_4.4.3/platform/Device/SiliconLabs/EFR32MG24/Source/startup_efr32mg24.o
 .debug_abbrev  0x0000141e      0x2e8 ./gecko_sdk_4.4.3/platform/Device/SiliconLabs/EFR32MG24/Source/system_efr32mg24.o
 .debug_abbrev  0x00001706       0x69 ./gecko_sdk_4.4.3/platform/common/src/sl_assert.o
 .debug_abbrev  0x0000176f       0xd9 ./gecko_sdk_4.4.3/platform/common/src/sl_syscalls.o
 .debug_abbrev  0x00001848      0x107 ./gecko_sdk_4.4.3/platform/common/toolchain/src/sl_memory.o
 .debug_abbrev  0x0000194f      0x24a ./gecko_sdk_4.4.3/platform/driver/i2cspm/src/sl_i2cspm.o
 .debug_abbrev  0x00001b99      0x416 ./gecko_sdk_4.4.3/platform/emlib/src/em_cmu.o
 .debug_abbrev  0x00001faf      0x2b9 ./gecko_sdk_4.4.3/platform/emlib/src/em_core.o
 .debug_abbrev  0x00002268      0x3b5 ./gecko_sdk_4.4.3/platform/emlib/src/em_emu.o
 .debug_abbrev  0x0000261d      0x251 ./gecko_sdk_4.4.3/platform/emlib/src/em_gpio.o
 .debug_abbrev  0x0000286e      0x2ad ./gecko_sdk_4.4.3/platform/emlib/src/em_i2c.o
 .debug_abbrev  0x00002b1b      0x2f2 ./gecko_sdk_4.4.3/platform/emlib/src/em_iadc.o
 .debug_abbrev  0x00002e0d      0x22f ./gecko_sdk_4.4.3/platform/emlib/src/em_system.o
 .debug_abbrev  0x0000303c      0x268 ./gecko_sdk_4.4.3/platform/emlib/src/em_usart.o
 .debug_abbrev  0x000032a4      0x1e9 ./gecko_sdk_4.4.3/platform/peripheral/src/peripheral_sysrtc.o
 .debug_abbrev  0x0000348d       0xf6 ./gecko_sdk_4.4.3/platform/service/device_init/src/sl_device_init_dcdc_s2.o
 .debug_abbrev  0x00003583      0x132 ./gecko_sdk_4.4.3/platform/service/device_init/src/sl_device_init_emu_s2.o
 .debug_abbrev  0x000036b5      0x153 ./gecko_sdk_4.4.3/platform/service/device_init/src/sl_device_init_hfxo_s2.o
 .debug_abbrev  0x00003808       0xe1 ./gecko_sdk_4.4.3/platform/service/device_init/src/sl_device_init_lfxo_s2.o
 .debug_abbrev  0x000038e9      0x12c ./gecko_sdk_4.4.3/platform/service/device_init/src/sl_device_init_nvic.o
 .debug_abbrev  0x00003a15      0x2cb ./gecko_sdk_4.4.3/platform/service/sleeptimer/src/sl_sleeptimer.o
 .debug_abbrev  0x00003ce0      0x358 ./gecko_sdk_4.4.3/platform/service/sleeptimer/src/sl_sleeptimer_hal_sysrtc.o
 .debug_abbrev  0x00004038       0x43 ./gecko_sdk_4.4.3/platform/service/system/src/sl_system_init.o
 .debug_abbrev  0x0000407b       0x43 ./gecko_sdk_4.4.3/platform/service/system/src/sl_system_process_action.o
 .debug_abbrev  0x000040be       0xd4 ./gecko_sdk_4.4.3/platform/service/udelay/src/sl_udelay.o
 .debug_abbrev  0x00004192       0x14 ./gecko_sdk_4.4.3/platform/service/udelay/src/sl_udelay_armv6m_gcc.o

.debug_loc      0x00000000     0x455e
 .debug_loc     0x00000000       0x40 ./app.o
 .debug_loc     0x00000040      0x26d ./iadc.o
 .debug_loc     0x000002ad       0x20 ./main.o
 .debug_loc     0x000002cd       0xf4 ./sensor_data.o
 .debug_loc     0x000003c1       0x20 ./autogen/sl_device_init_clocks.o
 .debug_loc     0x000003e1       0x60 ./autogen/sl_event_handler.o
 .debug_loc     0x00000441       0x20 ./autogen/sl_i2cspm_init.o
 .debug_loc     0x00000461       0x90 ./gecko_sdk_4.4.3/app/bluetooth/common/sensor_rht/sl_sensor_rht.o
 .debug_loc     0x000004f1       0x2c ./gecko_sdk_4.4.3/app/bluetooth/common/sensor_select/sl_sensor_select.o
 .debug_loc     0x0000051d      0x150 ./gecko_sdk_4.4.3/hardware/board/src/sl_board_control_gpio.o
 .debug_loc     0x0000066d       0x40 ./gecko_sdk_4.4.3/hardware/board/src/sl_board_init.o
 .debug_loc     0x000006ad       0xe8 ./gecko_sdk_4.4.3/hardware/driver/mx25_flash_shutdown/src/sl_mx25_flash_shutdown_usart/sl_mx25_flash_shutdown.o
 .debug_loc     0x00000795      0x2c1 ./gecko_sdk_4.4.3/hardware/driver/si70xx/src/sl_si70xx.o
 .debug_loc     0x00000a56       0x64 ./gecko_sdk_4.4.3/platform/Device/SiliconLabs/EFR32MG24/Source/startup_efr32mg24.o
 .debug_loc     0x00000aba      0x1d0 ./gecko_sdk_4.4.3/platform/Device/SiliconLabs/EFR32MG24/Source/system_efr32mg24.o
 .debug_loc     0x00000c8a       0x20 ./gecko_sdk_4.4.3/platform/common/src/sl_assert.o
 .debug_loc     0x00000caa      0x180 ./gecko_sdk_4.4.3/platform/common/src/sl_syscalls.o
 .debug_loc     0x00000e2a       0x84 ./gecko_sdk_4.4.3/platform/common/toolchain/src/sl_memory.o
 .debug_loc     0x00000eae       0xe0 ./gecko_sdk_4.4.3/platform/driver/i2cspm/src/sl_i2cspm.o
 .debug_loc     0x00000f8e      0xcf5 ./gecko_sdk_4.4.3/platform/emlib/src/em_cmu.o
 .debug_loc     0x00001c83      0x490 ./gecko_sdk_4.4.3/platform/emlib/src/em_core.o
 .debug_loc     0x00002113      0x600 ./gecko_sdk_4.4.3/platform/emlib/src/em_emu.o
 .debug_loc     0x00002713      0x27c ./gecko_sdk_4.4.3/platform/emlib/src/em_gpio.o
 .debug_loc     0x0000298f      0x25c ./gecko_sdk_4.4.3/platform/emlib/src/em_i2c.o
 .debug_loc     0x00002beb      0x501 ./gecko_sdk_4.4.3/platform/emlib/src/em_iadc.o
 .debug_loc     0x000030ec      0x138 ./gecko_sdk_4.4.3/platform/emlib/src/em_system.o
 .debug_loc     0x00003224      0x44d ./gecko_sdk_4.4.3/platform/emlib/src/em_usart.o
 .debug_loc     0x00003671      0x340 ./gecko_sdk_4.4.3/platform/peripheral/src/peripheral_sysrtc.o
 .debug_loc     0x000039b1       0x38 ./gecko_sdk_4.4.3/platform/service/device_init/src/sl_device_init_dcdc_s2.o
 .debug_loc     0x000039e9       0x38 ./gecko_sdk_4.4.3/platform/service/device_init/src/sl_device_init_emu_s2.o
 .debug_loc     0x00003a21       0x39 ./gecko_sdk_4.4.3/platform/service/device_init/src/sl_device_init_hfxo_s2.o
 .debug_loc     0x00003a5a       0x38 ./gecko_sdk_4.4.3/platform/service/device_init/src/sl_device_init_lfxo_s2.o
 .debug_loc     0x00003a92       0x64 ./gecko_sdk_4.4.3/platform/service/device_init/src/sl_device_init_nvic.o
 .debug_loc     0x00003af6      0x6d8 ./gecko_sdk_4.4.3/platform/service/sleeptimer/src/sl_sleeptimer.o
 .debug_loc     0x000041ce      0x2f8 ./gecko_sdk_4.4.3/platform/service/sleeptimer/src/sl_sleeptimer_hal_sysrtc.o
 .debug_loc     0x000044c6       0x20 ./gecko_sdk_4.4.3/platform/service/system/src/sl_system_init.o
 .debug_loc     0x000044e6       0x20 ./gecko_sdk_4.4.3/platform/service/system/src/sl_system_process_action.o
 .debug_loc     0x00004506       0x58 ./gecko_sdk_4.4.3/platform/service/udelay/src/sl_udelay.o

.debug_aranges  0x00000000     0x1140
 .debug_aranges
                0x00000000       0x28 ./app.o
 .debug_aranges
                0x00000028       0x88 ./iadc.o
 .debug_aranges
                0x000000b0       0x20 ./main.o
 .debug_aranges
                0x000000d0       0x40 ./sensor_data.o
 .debug_aranges
                0x00000110       0x20 ./autogen/sl_board_default_init.o
 .debug_aranges
                0x00000130       0x20 ./autogen/sl_device_init_clocks.o
 .debug_aranges
                0x00000150       0x68 ./autogen/sl_event_handler.o
 .debug_aranges
                0x000001b8       0x20 ./autogen/sl_i2cspm_init.o
 .debug_aranges
                0x000001d8       0x30 ./gecko_sdk_4.4.3/app/bluetooth/common/sensor_rht/sl_sensor_rht.o
 .debug_aranges
                0x00000208       0x20 ./gecko_sdk_4.4.3/app/bluetooth/common/sensor_select/sl_sensor_select.o
 .debug_aranges
                0x00000228       0x70 ./gecko_sdk_4.4.3/hardware/board/src/sl_board_control_gpio.o
 .debug_aranges
                0x00000298       0x28 ./gecko_sdk_4.4.3/hardware/board/src/sl_board_init.o
 .debug_aranges
                0x000002c0       0x40 ./gecko_sdk_4.4.3/hardware/driver/mx25_flash_shutdown/src/sl_mx25_flash_shutdown_usart/sl_mx25_flash_shutdown.o
 .debug_aranges
                0x00000300       0x80 ./gecko_sdk_4.4.3/hardware/driver/si70xx/src/sl_si70xx.o
 .debug_aranges
                0x00000380       0x30 ./gecko_sdk_4.4.3/platform/Device/SiliconLabs/EFR32MG24/Source/startup_efr32mg24.o
 .debug_aranges
                0x000003b0       0xa8 ./gecko_sdk_4.4.3/platform/Device/SiliconLabs/EFR32MG24/Source/system_efr32mg24.o
 .debug_aranges
                0x00000458       0x20 ./gecko_sdk_4.4.3/platform/common/src/sl_assert.o
 .debug_aranges
                0x00000478       0x68 ./gecko_sdk_4.4.3/platform/common/src/sl_syscalls.o
 .debug_aranges
                0x000004e0       0x30 ./gecko_sdk_4.4.3/platform/common/toolchain/src/sl_memory.o
 .debug_aranges
                0x00000510       0x38 ./gecko_sdk_4.4.3/platform/driver/i2cspm/src/sl_i2cspm.o
 .debug_aranges
                0x00000548      0x288 ./gecko_sdk_4.4.3/platform/emlib/src/em_cmu.o
 .debug_aranges
                0x000007d0       0xe8 ./gecko_sdk_4.4.3/platform/emlib/src/em_core.o
 .debug_aranges
                0x000008b8      0x198 ./gecko_sdk_4.4.3/platform/emlib/src/em_emu.o
 .debug_aranges
                0x00000a50       0x78 ./gecko_sdk_4.4.3/platform/emlib/src/em_gpio.o
 .debug_aranges
                0x00000ac8       0x70 ./gecko_sdk_4.4.3/platform/emlib/src/em_i2c.o
 .debug_aranges
                0x00000b38       0xe0 ./gecko_sdk_4.4.3/platform/emlib/src/em_iadc.o
 .debug_aranges
                0x00000c18       0x80 ./gecko_sdk_4.4.3/platform/emlib/src/em_system.o
 .debug_aranges
                0x00000c98       0xc8 ./gecko_sdk_4.4.3/platform/emlib/src/em_usart.o
 .debug_aranges
                0x00000d60       0xd0 ./gecko_sdk_4.4.3/platform/peripheral/src/peripheral_sysrtc.o
 .debug_aranges
                0x00000e30       0x20 ./gecko_sdk_4.4.3/platform/service/device_init/src/sl_device_init_dcdc_s2.o
 .debug_aranges
                0x00000e50       0x20 ./gecko_sdk_4.4.3/platform/service/device_init/src/sl_device_init_emu_s2.o
 .debug_aranges
                0x00000e70       0x20 ./gecko_sdk_4.4.3/platform/service/device_init/src/sl_device_init_hfxo_s2.o
 .debug_aranges
                0x00000e90       0x20 ./gecko_sdk_4.4.3/platform/service/device_init/src/sl_device_init_lfxo_s2.o
 .debug_aranges
                0x00000eb0       0x28 ./gecko_sdk_4.4.3/platform/service/device_init/src/sl_device_init_nvic.o
 .debug_aranges
                0x00000ed8      0x138 ./gecko_sdk_4.4.3/platform/service/sleeptimer/src/sl_sleeptimer.o
 .debug_aranges
                0x00001010       0xa8 ./gecko_sdk_4.4.3/platform/service/sleeptimer/src/sl_sleeptimer_hal_sysrtc.o
 .debug_aranges
                0x000010b8       0x20 ./gecko_sdk_4.4.3/platform/service/system/src/sl_system_init.o
 .debug_aranges
                0x000010d8       0x20 ./gecko_sdk_4.4.3/platform/service/system/src/sl_system_process_action.o
 .debug_aranges
                0x000010f8       0x28 ./gecko_sdk_4.4.3/platform/service/udelay/src/sl_udelay.o
 .debug_aranges
                0x00001120       0x20 ./gecko_sdk_4.4.3/platform/service/udelay/src/sl_udelay_armv6m_gcc.o

.debug_ranges   0x00000000      0xeb0
 .debug_ranges  0x00000000       0x18 ./app.o
 .debug_ranges  0x00000018       0x78 ./iadc.o
 .debug_ranges  0x00000090       0x10 ./main.o
 .debug_ranges  0x000000a0       0x30 ./sensor_data.o
 .debug_ranges  0x000000d0       0x10 ./autogen/sl_board_default_init.o
 .debug_ranges  0x000000e0       0x10 ./autogen/sl_device_init_clocks.o
 .debug_ranges  0x000000f0       0x58 ./autogen/sl_event_handler.o
 .debug_ranges  0x00000148       0x10 ./autogen/sl_i2cspm_init.o
 .debug_ranges  0x00000158       0x20 ./gecko_sdk_4.4.3/app/bluetooth/common/sensor_rht/sl_sensor_rht.o
 .debug_ranges  0x00000178       0x10 ./gecko_sdk_4.4.3/app/bluetooth/common/sensor_select/sl_sensor_select.o
 .debug_ranges  0x00000188       0x60 ./gecko_sdk_4.4.3/hardware/board/src/sl_board_control_gpio.o
 .debug_ranges  0x000001e8       0x18 ./gecko_sdk_4.4.3/hardware/board/src/sl_board_init.o
 .debug_ranges  0x00000200       0x30 ./gecko_sdk_4.4.3/hardware/driver/mx25_flash_shutdown/src/sl_mx25_flash_shutdown_usart/sl_mx25_flash_shutdown.o
 .debug_ranges  0x00000230       0x70 ./gecko_sdk_4.4.3/hardware/driver/si70xx/src/sl_si70xx.o
 .debug_ranges  0x000002a0       0x20 ./gecko_sdk_4.4.3/platform/Device/SiliconLabs/EFR32MG24/Source/startup_efr32mg24.o
 .debug_ranges  0x000002c0       0x98 ./gecko_sdk_4.4.3/platform/Device/SiliconLabs/EFR32MG24/Source/system_efr32mg24.o
 .debug_ranges  0x00000358       0x10 ./gecko_sdk_4.4.3/platform/common/src/sl_assert.o
 .debug_ranges  0x00000368       0x58 ./gecko_sdk_4.4.3/platform/common/src/sl_syscalls.o